nohup: ignoring input
work items: 418   mode=uniform
worst case ~26.1 h at --jobs 8
[1/418] cprover_havoc/tdh_sys_key_config__expe reach      unsafe  found     k*=0      (0m)
[2/418] cprover_havoc/tdh_sys_key_config__inva reach      unsafe  found     k*=0      (0m)
[3/418] cprover_havoc/tdh_sys_key_config__expe reach      unsafe  found     k*=0      (0m)
[4/418] cprover_havoc/tdh_sys_key_config__expe reach      unsafe  found     k*=0      (0m)
[5/418] cprover_havoc/tdh_sys_key_config__inva reach      unsafe  found     k*=0      (0m)
[6/418] cprover_havoc/tdh_sys_key_config__inva reach      unsafe  found     k*=0      (0m)
[7/418] cprover_havoc/tdh_sys_key_config__unex reach      unsafe  found     k*=0      (0m)
[8/418] cprover_havoc/tdh_sys_key_config__unex reach      unsafe  found     k*=0      (0m)
[9/418] cprover_havoc/tdh_sys_key_config__unco reach      unsafe  found     k*=0      (0m)
[10/418] cprover_havoc/tdh_sys_key_config__unex reach      unsafe  found     k*=0      (1m)
[11/418] cprover_havoc/tdh_sys_shutdown__expect reach      unsafe  found     k*=0      (1m)
[12/418] cprover_havoc/tdh_sys_shutdown__expect reach      unsafe  found     k*=0      (1m)
[13/418] cprover_havoc/tdh_sys_shutdown__invali reach      unsafe  found     k*=0      (1m)
[14/418] cprover_havoc/tdh_sys_shutdown__invali reach      unsafe  found     k*=0      (1m)
[15/418] cprover_havoc/tdh_sys_shutdown__expect reach      unsafe  found     k*=0      (1m)
[16/418] cprover_havoc/tdh_sys_shutdown__invali reach      unsafe  found     k*=0      (1m)
[17/418] cprover_havoc/tdh_sys_shutdown__invali reach      unsafe  found     k*=0      (1m)
[18/418] cprover_havoc/tdh_sys_shutdown__invali reach      unsafe  found     k*=0      (1m)
[19/418] cprover_havoc/tdh_sys_shutdown__invali reach      unsafe  found     k*=0      (1m)
[20/418] cprover_havoc/tdh_sys_shutdown__uncons reach      unsafe  found     k*=0      (1m)
[21/418] cprover_havoc/tdh_sys_shutdown__unexpe reach      unsafe  found     k*=0      (2m)
[22/418] cprover_havoc/tdh_sys_shutdown__unexpe reach      unsafe  found     k*=0      (2m)
[23/418] cprover_havoc/tdh_sys_shutdown__unexpe reach      unsafe  found     k*=0      (2m)
[24/418] cprover_havoc/tdh_sys_update__expected reach      unsafe  found     k*=0      (2m)
[25/418] cprover_havoc/tdh_sys_key_config__expe reach      safe    timeout   k*=-      (3m)
[26/418] cprover_havoc/tdh_sys_key_config__inva reach      safe    timeout   k*=-      (3m)
[27/418] cprover_havoc/tdh_sys_key_config__unex reach      safe    timeout   k*=-      (3m)
[28/418] cprover_havoc/tdh_sys_shutdown__expect reach      safe    timeout   k*=-      (3m)
[29/418] cprover_havoc/tdh_sys_update__invalid_ reach      unsafe  found     k*=0      (4m)
[30/418] cprover_havoc/tdh_sys_shutdown__invali reach      safe    timeout   k*=-      (4m)
[31/418] cprover_havoc/tdh_sys_shutdown__invali reach      safe    timeout   k*=-      (4m)
[32/418] cprover_havoc/tdh_sys_update__invalid_ reach      unsafe  found     k*=0      (4m)
[33/418] cprover_havoc/tdh_sys_shutdown__unexpe reach      safe    timeout   k*=-      (5m)
[34/418] cprover_havoc/tdh_sys_update__expected reach      unsafe  timeout   k*=-      (5m)
[35/418] cprover_havoc/tdh_sys_update__expected reach      safe    timeout   k*=-      (6m)
[36/418] cprover_havoc/tdh_sys_update__expected reach      unsafe  timeout   k*=-      (6m)
[37/418] cprover_havoc/tdh_sys_update__invalid_ reach      unsafe  found     k*=0      (6m)
[38/418] cprover_havoc/tdh_sys_update__invalid_ reach      unsafe  timeout   k*=-      (6m)
[39/418] cprover_havoc/tdh_sys_update__invalid_ reach      unsafe  timeout   k*=-      (7m)
[40/418] cprover_havoc/tdh_sys_update__invalid_ reach      unsafe  found     k*=0      (7m)
[41/418] cprover_havoc/tdh_sys_update__invalid_ reach      safe    timeout   k*=-      (7m)
[42/418] cprover_havoc/tdh_sys_update__invalid_ reach      unsafe  timeout   k*=-      (7m)
[43/418] cprover_havoc/tdh_sys_update__invalid_ reach      unsafe  timeout   k*=-      (8m)
[44/418] cprover_havoc/tdh_sys_update__invalid_ reach      safe    timeout   k*=-      (8m)
[45/418] cprover_havoc/tdh_sys_update__unexpect reach      unsafe  found     k*=0      (8m)
[46/418] cprover_havoc/tdh_sys_update__invalid_ reach      unsafe  timeout   k*=-      (9m)
[47/418] cprover_havoc/tdh_sys_update__invalid_ reach      unsafe  timeout   k*=-      (9m)
[48/418] cprover_havoc/tdh_sys_update__invalid_ reach      safe    timeout   k*=-      (9m)
[49/418] cprover_havoc/tdh_sys_update__invalid_ reach      unsafe  timeout   k*=-      (10m)
[50/418] cprover_havoc/tdh_sys_update__invalid_ reach      unsafe  timeout   k*=-      (10m)
[51/418] cprover_havoc/tdh_mng_key_config__inva reach      unsafe  found     k*=0      (10m)
[52/418] cprover_havoc/tdh_mng_key_config__inva reach      unsafe  found     k*=0      (10m)
[53/418] cprover_havoc/tdh_sys_update__invalid_ reach      safe    timeout   k*=-      (10m)
[54/418] cprover_havoc/tdh_sys_update__unconstr reach      unsafe  timeout   k*=-      (11m)
[55/418] cprover_havoc/tdh_mng_key_config__inva reach      unsafe  found     k*=0      (11m)
[56/418] cprover_havoc/tdh_sys_update__unexpect reach      unsafe  timeout   k*=-      (11m)
[57/418] cprover_havoc/tdh_sys_update__unexpect reach      unsafe  timeout   k*=-      (12m)
[58/418] cprover_havoc/tdh_sys_update__unexpect reach      safe    timeout   k*=-      (12m)
[59/418] cprover_havoc/tdh_mng_key_config__inva reach      unsafe  found     k*=0      (12m)
[60/418] cprover_havoc/tdh_mng_key_config__inva reach      unsafe  timeout   k*=-      (17m)
[61/418] cprover_havoc/tdh_mng_key_config__inva reach      unsafe  timeout   k*=-      (17m)
[62/418] cprover_havoc/tdh_mng_key_config__inva reach      unsafe  timeout   k*=-      (17m)
[63/418] cprover_havoc/tdh_mng_key_config__unex reach      unsafe  found     k*=0      (18m)
[64/418] cprover_havoc/tdh_mng_key_config__inva reach      unsafe  timeout   k*=-      (18m)
[65/418] cprover_havoc/tdh_mng_key_config__inva reach      unsafe  timeout   k*=-      (18m)
[66/418] cprover_havoc/tdh_mng_key_config__inva reach      unsafe  timeout   k*=-      (18m)
[67/418] cprover_havoc/tdh_mng_key_freeid__inva reach      unsafe  found     k*=0      (19m)
[68/418] cprover_havoc/tdh_mng_key_config__inva reach      unsafe  timeout   k*=-      (19m)
[69/418] cprover_havoc/tdh_mng_key_config__inva reach      unsafe  timeout   k*=-      (20m)
[70/418] cprover_havoc/tdh_mng_key_freeid__inva reach      unsafe  found     k*=0      (20m)
[71/418] cprover_havoc/tdh_mng_key_config__unex reach      safe    timeout   k*=-      (21m)
[72/418] cprover_havoc/tdh_mng_key_config__unco reach      unsafe  timeout   k*=-      (23m)
[73/418] cprover_havoc/tdh_mng_key_freeid__inva reach      unsafe  found     k*=0      (24m)
[74/418] cprover_havoc/tdh_mng_key_config__unco reach      unsafe  timeout   k*=-      (25m)
[75/418] cprover_havoc/tdh_mng_key_config__unex reach      unsafe  timeout   k*=-      (25m)
[76/418] cprover_havoc/tdh_mng_key_freeid__inva reach      unsafe  found     k*=0      (25m)
[77/418] cprover_havoc/tdh_mng_key_config__unex reach      unsafe  timeout   k*=-      (25m)
[78/418] cprover_havoc/tdh_mng_key_freeid__inva reach      unsafe  timeout   k*=-      (26m)
[79/418] cprover_havoc/tdh_mng_key_freeid__inva reach      unsafe  timeout   k*=-      (27m)
[80/418] cprover_havoc/tdh_mng_key_freeid__inva reach      unsafe  timeout   k*=-      (27m)
[81/418] cprover_havoc/tdh_mng_key_freeid__unex reach      unsafe  found     k*=0      (28m)
[82/418] cprover_havoc/tdh_mng_key_freeid__inva reach      unsafe  timeout   k*=-      (28m)
[83/418] cprover_havoc/tdh_mng_key_freeid__inva reach      unsafe  timeout   k*=-      (31m)
[84/418] cprover_havoc/tdh_import_abort__expect reach      unsafe  found     k*=0      (31m)
[85/418] cprover_havoc/tdh_mng_key_freeid__unex reach      safe    timeout   k*=-      (31m)
[86/418] cprover_havoc/tdh_mng_key_freeid__inva reach      unsafe  timeout   k*=-      (32m)
[87/418] cprover_havoc/tdh_mng_key_freeid__inva reach      unsafe  timeout   k*=-      (33m)
[88/418] cprover_havoc/tdh_mng_key_freeid__inva reach      unsafe  timeout   k*=-      (33m)
[89/418] cprover_havoc/tdh_import_abort__unexpe reach      unsafe  found     k*=0      (33m)
[90/418] cprover_havoc/tdh_mng_key_freeid__unco reach      unsafe  timeout   k*=-      (34m)
[91/418] cprover_havoc/tdh_import_abort__expect reach      unsafe  timeout   k*=-      (34m)
[92/418] cprover_havoc/tdh_import_abort__expect reach      unsafe  timeout   k*=-      (34m)
[93/418] cprover_havoc/tdh_mng_vpflushdone__exp reach      unsafe  found     k*=0      (35m)
[94/418] cprover_havoc/tdh_import_abort__expect reach      safe    timeout   k*=-      (35m)
[95/418] cprover_havoc/tdh_mng_key_freeid__unex reach      unsafe  timeout   k*=-      (35m)
[96/418] cprover_havoc/tdh_mng_key_freeid__unex reach      unsafe  timeout   k*=-      (35m)
[97/418] cprover_havoc/tdh_mng_vpflushdone__inv reach      unsafe  found     k*=0      (35m)
[98/418] cprover_havoc/tdh_import_abort__uncons reach      unsafe  timeout   k*=-      (36m)
[99/418] cprover_havoc/tdh_import_abort__unexpe reach      unsafe  timeout   k*=-      (36m)
[100/418] cprover_havoc/tdh_mng_vpflushdone__inv reach      unsafe  found     k*=0      (37m)
[101/418] cprover_havoc/tdh_import_abort__unexpe reach      unsafe  timeout   k*=-      (37m)
[102/418] cprover_havoc/tdh_import_abort__unexpe reach      safe    timeout   k*=-      (37m)
[103/418] cprover_havoc/tdh_mng_vpflushdone__inv reach      unsafe  found     k*=0      (37m)
[104/418] cprover_havoc/tdh_mng_vpflushdone__exp reach      unsafe  timeout   k*=-      (38m)
[105/418] cprover_havoc/tdh_mng_vpflushdone__exp reach      unsafe  timeout   k*=-      (38m)
[106/418] cprover_havoc/tdh_mng_vpflushdone__exp reach      safe    timeout   k*=-      (38m)
[107/418] cprover_havoc/tdh_mng_vpflushdone__inv reach      unsafe  found     k*=0      (38m)
[108/418] cprover_havoc/tdh_mng_vpflushdone__inv reach      unsafe  timeout   k*=-      (38m)
[109/418] cprover_havoc/tdh_mng_vpflushdone__inv reach      unsafe  timeout   k*=-      (39m)
[110/418] cprover_havoc/tdh_mng_vpflushdone__une reach      unsafe  found     k*=0      (39m)
[111/418] cprover_havoc/tdh_mng_vpflushdone__inv reach      unsafe  timeout   k*=-      (40m)
[112/418] cprover_havoc/tdh_mng_vpflushdone__inv reach      unsafe  timeout   k*=-      (40m)
[113/418] cprover_havoc/tdh_mng_vpflushdone__inv reach      unsafe  timeout   k*=-      (40m)
[114/418] cprover_havoc/tdh_mng_vpflushdone__inv reach      unsafe  timeout   k*=-      (41m)
[115/418] cprover_havoc/tdh_mng_vpflushdone__inv reach      unsafe  timeout   k*=-      (41m)
[116/418] cprover_havoc/tdh_mng_vpflushdone__inv reach      unsafe  timeout   k*=-      (41m)
[117/418] cprover_havoc/tdh_mng_vpflushdone__unc reach      unsafe  timeout   k*=-      (41m)
[118/418] cprover_havoc/tdh_mng_vpflushdone__une reach      unsafe  timeout   k*=-      (42m)
[119/418] cprover_havoc/tdh_mng_vpflushdone__une reach      unsafe  timeout   k*=-      (43m)
[120/418] cprover_havoc/tdh_mng_vpflushdone__une reach      safe    timeout   k*=-      (43m)
[121/418] cprover_havoc/tdh_mr_finalize__expecte reach      unsafe  timeout   k*=-      (47m)
[122/418] cprover_havoc/tdh_mr_finalize__expecte reach      unsafe  timeout   k*=-      (47m)
[123/418] cprover_havoc/tdh_mr_finalize__expecte reach      unsafe  timeout   k*=-      (47m)
[124/418] cprover_havoc/tdh_mr_finalize__expecte reach      safe    timeout   k*=-      (48m)
[125/418] cprover_havoc/tdh_mr_finalize__invalid reach      unsafe  timeout   k*=-      (48m)
[126/418] cprover_havoc/tdh_mr_finalize__invalid reach      unsafe  timeout   k*=-      (49m)
[127/418] cprover_havoc/tdh_mr_finalize__invalid reach      unsafe  timeout   k*=-      (49m)
[128/418] cprover_havoc/tdh_mr_finalize__invalid reach      safe    timeout   k*=-      (49m)
[129/418] cprover_havoc/tdh_mr_finalize__invalid reach      unsafe  timeout   k*=-      (53m)
[130/418] cprover_havoc/tdh_mr_finalize__invalid reach      unsafe  timeout   k*=-      (53m)
[131/418] cprover_havoc/tdh_mr_finalize__invalid reach      unsafe  timeout   k*=-      (53m)
[132/418] cprover_havoc/tdh_mr_finalize__invalid reach      unsafe  timeout   k*=-      (54m)
[133/418] cprover_havoc/tdh_mr_finalize__invalid reach      safe    timeout   k*=-      (54m)
[134/418] cprover_havoc/tdh_mr_finalize__invalid reach      unsafe  timeout   k*=-      (55m)
[135/418] cprover_havoc/tdh_mr_finalize__invalid reach      unsafe  timeout   k*=-      (55m)
[136/418] cprover_havoc/tdh_mr_finalize__invalid reach      safe    timeout   k*=-      (55m)
[137/418] cprover_havoc/tdh_mr_finalize__invalid reach      unsafe  timeout   k*=-      (58m)
[138/418] cprover_havoc/tdh_mr_finalize__invalid reach      unsafe  timeout   k*=-      (58m)
[139/418] cprover_havoc/tdh_mr_finalize__invalid reach      unsafe  timeout   k*=-      (59m)
[140/418] cprover_havoc/tdh_mr_finalize__invalid reach      unsafe  timeout   k*=-      (60m)
[141/418] cprover_havoc/tdh_mr_finalize__invalid reach      unsafe  timeout   k*=-      (60m)
[142/418] cprover_havoc/tdh_mr_finalize__invalid reach      safe    timeout   k*=-      (61m)
[143/418] cprover_havoc/tdh_mr_finalize__unexpec reach      unsafe  timeout   k*=-      (62m)
[144/418] cprover_havoc/tdh_mr_finalize__invalid reach      unsafe  timeout   k*=-      (62m)
[145/418] cprover_havoc/tdh_mr_finalize__unconst reach      unsafe  timeout   k*=-      (63m)
[146/418] cprover_havoc/tdh_mr_finalize__unexpec reach      unsafe  timeout   k*=-      (63m)
[147/418] cprover_havoc/tdh_mr_finalize__unexpec reach      safe    timeout   k*=-      (63m)
[148/418] cprover_havoc/tdh_mr_finalize__unexpec reach      unsafe  timeout   k*=-      (65m)
[149/418] cprover_havoc/tdh_mr_finalize__unconst reach      unsafe  timeout   k*=-      (67m)
[150/418] cprover_havoc/tdh_phymem_page_reclaim_ reach      unsafe  timeout   k*=-      (76m)
[151/418] cprover_havoc/tdh_phymem_page_reclaim_ reach      unsafe  timeout   k*=-      (77m)
[152/418] cprover_havoc/tdh_phymem_page_reclaim_ reach      unsafe  timeout   k*=-      (77m)
[153/418] cprover_havoc/tdh_phymem_page_reclaim_ reach      safe    timeout   k*=-      (78m)
[154/418] cprover_havoc/tdh_phymem_page_reclaim_ reach      unsafe  timeout   k*=-      (78m)
[155/418] cprover_havoc/tdh_phymem_page_reclaim_ reach      unsafe  timeout   k*=-      (78m)
[156/418] cprover_havoc/tdh_phymem_page_reclaim_ reach      unsafe  timeout   k*=-      (80m)
[157/418] cprover_havoc/tdh_phymem_page_reclaim_ reach      safe    timeout   k*=-      (82m)
[158/418] cprover_havoc/tdh_phymem_page_reclaim_ reach      unsafe  timeout   k*=-      (91m)
[159/418] cprover_havoc/tdh_phymem_page_reclaim_ reach      unsafe  timeout   k*=-      (92m)
[160/418] cprover_havoc/tdh_phymem_page_reclaim_ reach      unsafe  timeout   k*=-      (92m)
[161/418] cprover_havoc/tdh_phymem_page_reclaim_ reach      safe    timeout   k*=-      (93m)
[162/418] cprover_havoc/tdh_phymem_page_reclaim_ reach      unsafe  timeout   k*=-      (93m)
[163/418] cprover_havoc/tdh_phymem_page_reclaim_ reach      unsafe  timeout   k*=-      (93m)
[164/418] cprover_havoc/tdh_phymem_page_reclaim_ reach      unsafe  timeout   k*=-      (95m)
[165/418] cprover_havoc/tdh_phymem_page_reclaim_ reach      safe    timeout   k*=-      (97m)
[166/418] cprover_havoc/tdh_phymem_page_reclaim_ reach      unsafe  timeout   k*=-      (106m)
[167/418] cprover_havoc/tdh_phymem_page_reclaim_ reach      unsafe  timeout   k*=-      (107m)
[168/418] cprover_havoc/tdh_phymem_page_reclaim_ reach      unsafe  timeout   k*=-      (107m)
[169/418] cprover_havoc/tdg_sys_rd__expected__co reach      unsafe  found     k*=0      (108m)
[170/418] cprover_havoc/tdh_phymem_page_reclaim_ reach      unsafe  timeout   k*=-      (108m)
[171/418] cprover_havoc/tdh_phymem_page_reclaim_ reach      unsafe  timeout   k*=-      (108m)
[172/418] cprover_havoc/tdh_phymem_page_reclaim_ reach      unsafe  timeout   k*=-      (108m)
[173/418] cprover_havoc/tdh_phymem_page_reclaim_ reach      unsafe  timeout   k*=-      (121m)
[174/418] cprover_havoc/tdg_sys_rd__unconstraine reach      unsafe  timeout   k*=-      (121m)
[175/418] cprover_havoc/tdh_phymem_page_reclaim_ reach      safe    timeout   k*=-      (121m)
[176/418] cprover_havoc/tdg_sys_rd__unconstraine reach      unsafe  timeout   k*=-      (121m)
[177/418] cprover_havoc/tdh_phymem_page_reclaim_ reach      unsafe  timeout   k*=-      (121m)
[178/418] cprover_havoc/tdg_sys_rd__expected__sa reach      safe    timeout   k*=-      (121m)
[179/418] cprover_havoc/tdg_sys_rd__expected__co reach      unsafe  timeout   k*=-      (121m)
[180/418] cprover_havoc/tdg_sys_rd__expected__co reach      unsafe  timeout   k*=-      (121m)
[181/418] cprover_havoc/tdh_export_restore__expe reach      unsafe  found     k*=0      (121m)
[182/418] cprover_havoc/tdg_sys_rd__unexpected__ reach      unsafe  found     k*=0      (121m)
[183/418] cprover_havoc/tdg_sys_rd__unexpected__ reach      unsafe  found     k*=0      (122m)
[184/418] cprover_havoc/tdg_sys_rd__unexpected__ reach      unsafe  found     k*=0      (122m)
[185/418] cprover_havoc/tdh_export_restore__unex reach      unsafe  found     k*=0      (122m)
[186/418] cprover_havoc/tdg_sys_rd__unexpected__ reach      safe    timeout   k*=-      (124m)
[187/418] cprover_havoc/tdh_export_restore__expe reach      unsafe  timeout   k*=-      (124m)
[188/418] cprover_havoc/tdh_export_restore__expe reach      unsafe  timeout   k*=-      (124m)
[189/418] cprover_havoc/tdh_export_restore__expe reach      safe    timeout   k*=-      (124m)
[190/418] cprover_havoc/tdh_export_restore__unco reach      unsafe  timeout   k*=-      (124m)
[191/418] cprover_havoc/tdh_export_restore__unco reach      unsafe  timeout   k*=-      (124m)
[192/418] cprover_havoc/tdg_vm_wr__expected__cov reach      unsafe  found     k*=0      (124m)
[193/418] cprover_havoc/tdg_vm_wr__invalid_input reach      unsafe  found     k*=0      (124m)
[194/418] cprover_havoc/tdh_export_restore__unex reach      unsafe  timeout   k*=-      (125m)
[195/418] cprover_havoc/tdh_export_restore__unex reach      unsafe  timeout   k*=-      (125m)
[196/418] cprover_havoc/tdg_vm_wr__invalid_input reach      unsafe  found     k*=0      (125m)
[197/418] cprover_havoc/tdh_export_restore__unex reach      safe    timeout   k*=-      (127m)
[198/418] cprover_havoc/tdg_vm_wr__expected__cov reach      unsafe  timeout   k*=-      (127m)
[199/418] cprover_havoc/tdg_vm_wr__expected__cov reach      unsafe  timeout   k*=-      (127m)
[200/418] cprover_havoc/tdg_vm_wr__expected__saf reach      safe    timeout   k*=-      (127m)
[201/418] cprover_havoc/tdg_vm_wr__invalid_input reach      unsafe  timeout   k*=-      (127m)
[202/418] cprover_havoc/tdg_vm_wr__invalid_input reach      unsafe  timeout   k*=-      (128m)
[203/418] cprover_havoc/tdg_vm_wr__unexpected__c reach      unsafe  found     k*=0      (128m)
[204/418] cprover_havoc/tdg_vm_wr__invalid_input reach      unsafe  timeout   k*=-      (128m)
[205/418] cprover_havoc/tdg_vm_wr__invalid_input reach      unsafe  timeout   k*=-      (128m)
[206/418] cprover_havoc/tdg_vm_wr__invalid_input reach      safe    timeout   k*=-      (130m)
[207/418] cprover_havoc/tdg_vm_wr__unconstrained reach      unsafe  timeout   k*=-      (130m)
[208/418] cprover_havoc/tdg_vm_wr__unconstrained reach      unsafe  timeout   k*=-      (130m)
[209/418] cprover_havoc/tdg_vm_wr__unexpected__c reach      unsafe  timeout   k*=-      (130m)
[210/418] cprover_havoc/tdg_vm_wr__unexpected__c reach      unsafe  timeout   k*=-      (131m)
[211/418] cprover_havoc/tdg_vm_wr__unexpected__s reach      safe    timeout   k*=-      (131m)
[212/418] cprover_havoc/tdh_mng_addcx__invalid_i reach      unsafe  timeout   k*=-      (137m)
[213/418] cprover_havoc/tdh_mng_addcx__invalid_i reach      safe    timeout   k*=-      (137m)
[214/418] cprover_havoc/tdh_mng_addcx__invalid_i reach      unsafe  timeout   k*=-      (137m)
[215/418] cprover_havoc/tdh_mng_addcx__expected_ reach      unsafe  timeout   k*=-      (137m)
[216/418] cprover_havoc/tdh_mng_addcx__expected_ reach      safe    timeout   k*=-      (137m)
[217/418] cprover_havoc/tdh_mng_addcx__invalid_i reach      unsafe  timeout   k*=-      (137m)
[218/418] cprover_havoc/tdh_mng_addcx__expected_ reach      unsafe  timeout   k*=-      (137m)
[219/418] cprover_havoc/tdh_mng_addcx__expected_ reach      unsafe  timeout   k*=-      (137m)
[220/418] cprover_havoc/tdh_mng_addcx__invalid_s reach      unsafe  timeout   k*=-      (143m)
[221/418] cprover_havoc/tdh_mng_addcx__invalid_i reach      unsafe  timeout   k*=-      (143m)
[222/418] cprover_havoc/tdh_mng_addcx__invalid_i reach      unsafe  timeout   k*=-      (143m)
[223/418] cprover_havoc/tdh_mng_addcx__invalid_i reach      safe    timeout   k*=-      (143m)
[224/418] cprover_havoc/tdh_mng_addcx__invalid_s reach      unsafe  timeout   k*=-      (143m)
[225/418] cprover_havoc/tdh_mng_addcx__invalid_s reach      unsafe  timeout   k*=-      (143m)
[226/418] cprover_havoc/tdh_mng_addcx__invalid_s reach      safe    timeout   k*=-      (143m)
[227/418] cprover_havoc/tdh_mng_addcx__invalid_i reach      unsafe  timeout   k*=-      (143m)
[228/418] cprover_havoc/tdh_mng_addcx__invalid_s reach      safe    found     k*=0      (144m)
[229/418] cprover_havoc/tdh_mng_addcx__invalid_s reach      safe    found     k*=0      (144m)
[230/418] cprover_havoc/tdh_mng_addcx__invalid_s reach      safe    found     k*=0      (144m)
[231/418] cprover_havoc/tdh_mng_addcx__invalid_s reach      safe    found     k*=0      (145m)
[232/418] cprover_havoc/tdh_mng_addcx__invalid_s reach      unsafe  timeout   k*=-      (146m)
[233/418] cprover_havoc/tdh_mng_addcx__invalid_s reach      unsafe  timeout   k*=-      (146m)
[234/418] cprover_havoc/tdh_mng_addcx__unconstra reach      unsafe  timeout   k*=-      (148m)
[235/418] cprover_havoc/tdh_mng_addcx__invalid_s reach      unsafe  timeout   k*=-      (149m)
[236/418] cprover_havoc/tdh_mng_addcx__unconstra reach      unsafe  timeout   k*=-      (149m)
[237/418] cprover_havoc/tdh_mng_addcx__invalid_s reach      safe    timeout   k*=-      (150m)
[238/418] cprover_havoc/tdh_mng_addcx__invalid_s reach      unsafe  timeout   k*=-      (150m)
[239/418] cprover_havoc/tdh_mng_addcx__invalid_s reach      unsafe  timeout   k*=-      (151m)
[240/418] cprover_havoc/tdh_mng_addcx__unexpecte reach      unsafe  timeout   k*=-      (151m)
[241/418] cprover_havoc/tdh_mng_create__invalid_ reach      unsafe  found     k*=0      (151m)
[242/418] cprover_havoc/tdh_mng_addcx__invalid_s reach      unsafe  timeout   k*=-      (151m)
[243/418] cprover_havoc/tdh_mng_create__invalid_ reach      unsafe  found     k*=0      (151m)
[244/418] cprover_havoc/tdh_mng_addcx__unexpecte reach      unsafe  timeout   k*=-      (152m)
[245/418] cprover_havoc/tdh_mng_addcx__unexpecte reach      safe    timeout   k*=-      (152m)
[246/418] cprover_havoc/tdh_mng_create__invalid_ reach      unsafe  found     k*=0      (153m)
[247/418] cprover_havoc/tdh_mng_create__invalid_ reach      unsafe  timeout   k*=-      (153m)
[248/418] cprover_havoc/tdh_mng_addcx__unexpecte reach      unsafe  timeout   k*=-      (154m)
[249/418] cprover_havoc/tdh_mng_create__invalid_ reach      unsafe  timeout   k*=-      (154m)
[250/418] cprover_havoc/tdh_mng_create__invalid_ reach      unsafe  timeout   k*=-      (154m)
[251/418] cprover_havoc/tdh_mng_create__invalid_ reach      unsafe  found     k*=0      (154m)
[252/418] cprover_havoc/tdh_mng_create__invalid_ reach      unsafe  timeout   k*=-      (154m)
[253/418] cprover_havoc/tdh_mng_create__invalid_ reach      safe    timeout   k*=-      (154m)
[254/418] cprover_havoc/tdh_mng_create__unexpect reach      unsafe  found     k*=0      (154m)
[255/418] cprover_havoc/tdh_mng_create__invalid_ reach      unsafe  timeout   k*=-      (158m)
[256/418] cprover_havoc/tdh_mng_create__unconstr reach      unsafe  timeout   k*=-      (158m)
[257/418] cprover_havoc/tdh_mng_create__unexpect reach      unsafe  timeout   k*=-      (158m)
[258/418] cprover_havoc/tdh_mng_create__invalid_ reach      unsafe  timeout   k*=-      (158m)
[259/418] cprover_havoc/tdh_mng_create__invalid_ reach      unsafe  timeout   k*=-      (158m)
[260/418] cprover_havoc/tdh_mng_create__unexpect reach      safe    timeout   k*=-      (158m)
[261/418] cprover_havoc/tdh_mng_create__invalid_ reach      unsafe  timeout   k*=-      (158m)
[262/418] cprover_havoc/tdh_mng_create__unexpect reach      unsafe  timeout   k*=-      (158m)
[263/418] cprover_havoc/tdh_sys_init__invalid_in reach      safe    timeout   k*=-      (162m)
[264/418] cprover_havoc/tdh_sys_init__expected__ reach      safe    timeout   k*=-      (162m)
[265/418] cprover_havoc/tdh_sys_init__expected__ reach      unsafe  timeout   k*=-      (162m)
[266/418] cprover_havoc/tdh_sys_init__invalid_in reach      unsafe  timeout   k*=-      (162m)
[267/418] cprover_havoc/tdh_sys_init__expected__ reach      unsafe  timeout   k*=-      (162m)
[268/418] cprover_havoc/tdh_sys_init__expected__ reach      unsafe  found     k*=0      (162m)
[269/418] cprover_havoc/tdh_sys_init__invalid_in reach      unsafe  found     k*=0      (162m)
[270/418] cprover_havoc/tdh_sys_init__invalid_in reach      unsafe  found     k*=0      (162m)
[271/418] cprover_havoc/tdh_sys_init__unconstrai reach      unsafe  found     k*=0      (162m)
[272/418] cprover_havoc/tdh_sys_init__unexpected reach      unsafe  found     k*=0      (162m)
[273/418] cprover_havoc/tdh_sys_init__invalid_st reach      unsafe  found     k*=0      (162m)
[274/418] cprover_havoc/tdh_sys_init__unexpected reach      unsafe  found     k*=0      (162m)
[275/418] cprover_havoc/tdh_sys_init__invalid_st reach      unsafe  found     k*=0      (162m)
[276/418] cprover_havoc/tdh_sys_init__unexpected reach      unsafe  found     k*=0      (162m)
[277/418] cprover_havoc/tdh_sys_init__invalid_st reach      unsafe  found     k*=0      (162m)
[278/418] cprover_havoc/tdg_vp_enter__expected__ reach      unsafe  found     k*=0      (162m)
[279/418] cprover_havoc/tdg_vp_enter__invalid_in reach      unsafe  found     k*=0      (162m)
[280/418] cprover_havoc/tdh_sys_init__invalid_st reach      safe    timeout   k*=-      (165m)
[281/418] cprover_havoc/tdh_sys_init__unexpected reach      safe    timeout   k*=-      (165m)
[282/418] cprover_havoc/tdg_vp_enter__expected__ reach      unsafe  timeout   k*=-      (165m)
[283/418] cprover_havoc/tdg_vp_enter__expected__ reach      unsafe  timeout   k*=-      (165m)
[284/418] cprover_havoc/tdg_vp_enter__expected__ reach      safe    timeout   k*=-      (165m)
[285/418] cprover_havoc/tdg_vp_enter__invalid_in reach      unsafe  timeout   k*=-      (165m)
[286/418] cprover_havoc/tdg_vp_enter__invalid_in reach      unsafe  found     k*=0      (165m)
[287/418] cprover_havoc/tdg_vp_enter__invalid_in reach      unsafe  timeout   k*=-      (165m)
[288/418] cprover_havoc/tdg_vp_enter__invalid_in reach      safe    timeout   k*=-      (168m)
[289/418] cprover_havoc/tdg_vp_enter__unexpected reach      unsafe  timeout   k*=-      (172m)
[290/418] cprover_havoc/tdg_vp_enter__unexpected reach      unsafe  timeout   k*=-      (172m)
[291/418] cprover_havoc/tdg_vp_enter__unexpected reach      unsafe  timeout   k*=-      (172m)
[292/418] cprover_havoc/tdg_vp_enter__invalid_in reach      unsafe  timeout   k*=-      (172m)
[293/418] cprover_havoc/tdg_vp_enter__invalid_in reach      unsafe  timeout   k*=-      (172m)
[294/418] cprover_havoc/tdg_vp_enter__invalid_in reach      safe    timeout   k*=-      (172m)
[295/418] cprover_havoc/tdg_vp_enter__unconstrai reach      unsafe  timeout   k*=-      (172m)
[296/418] cprover_havoc/tdg_vp_enter__unconstrai reach      unsafe  timeout   k*=-      (172m)
[297/418] cprover_havoc/tdg_vp_vmcall__expected_ reach      unsafe  found     k*=0      (172m)
[298/418] cprover_havoc/tdg_vp_vmcall__invalid_i reach      unsafe  found     k*=0      (172m)
[299/418] cprover_havoc/tdg_vp_vmcall__invalid_i reach      unsafe  found     k*=0      (172m)
[300/418] cprover_havoc/tdg_vp_vmcall__unexpecte reach      unsafe  found     k*=0      (172m)
[301/418] cprover_havoc/tdg_vp_vmcall__invalid_i reach      unsafe  found     k*=0      (173m)
[302/418] cprover_havoc/tdg_vp_vmcall__unexpecte reach      unsafe  found     k*=0      (173m)
[303/418] cprover_havoc/tdg_mr_report__expected_ reach      unsafe  found     k*=0      (173m)
[304/418] cprover_havoc/tdg_vp_vmcall__unexpecte reach      unsafe  found     k*=0      (173m)
[305/418] cprover_havoc/tdg_vp_vmcall__invalid_i reach      safe    timeout   k*=-      (175m)
[306/418] cprover_havoc/tdg_vp_enter__unexpected reach      safe    timeout   k*=-      (175m)
[307/418] cprover_havoc/tdg_vp_vmcall__unexpecte reach      safe    timeout   k*=-      (175m)
[308/418] cprover_havoc/tdg_mr_report__unexpecte reach      unsafe  found     k*=0      (175m)
[309/418] cprover_havoc/tdg_mr_report__expected_ reach      unsafe  timeout   k*=-      (176m)
[310/418] cprover_havoc/tdg_mr_report__expected_ reach      unsafe  timeout   k*=-      (176m)
[311/418] cprover_havoc/tdg_mr_report__expected_ reach      safe    timeout   k*=-      (176m)
[312/418] cprover_havoc/tdg_mr_report__unconstra reach      unsafe  timeout   k*=-      (176m)
[313/418] cprover_havoc/tdg_mr_report__unconstra reach      unsafe  timeout   k*=-      (178m)
[314/418] cprover_havoc/tdg_mr_report__unexpecte reach      unsafe  timeout   k*=-      (178m)
[315/418] cprover_havoc/tdg_mr_report__unexpecte reach      unsafe  timeout   k*=-      (178m)
[316/418] cprover_havoc/tdg_mr_report__unexpecte reach      safe    timeout   k*=-      (179m)
[317/418] cprover_havoc/tdh_mng_init__expected__ reach      unsafe  timeout   k*=-      (182m)
[318/418] cprover_havoc/tdh_mng_init__expected__ reach      unsafe  timeout   k*=-      (182m)
[319/418] cprover_havoc/tdh_mng_init__expected__ reach      unsafe  timeout   k*=-      (182m)
[320/418] cprover_havoc/tdh_mng_init__expected__ reach      safe    timeout   k*=-      (184m)
[321/418] cprover_havoc/tdh_mng_init__invalid_in reach      unsafe  timeout   k*=-      (185m)
[322/418] cprover_havoc/tdh_mng_init__invalid_in reach      unsafe  timeout   k*=-      (185m)
[323/418] cprover_havoc/tdh_mng_init__invalid_in reach      unsafe  timeout   k*=-      (185m)
[324/418] cprover_havoc/tdh_mng_init__invalid_st reach      safe    found     k*=0      (186m)
[325/418] cprover_havoc/tdh_mng_init__invalid_st reach      safe    found     k*=0      (186m)
[326/418] cprover_havoc/tdg_vp_vmcall__unconstra reach      unsafe  timeout   k*=-      (187m)
[327/418] cprover_havoc/tdh_mng_init__invalid_st reach      safe    found     k*=0      (187m)
[328/418] cprover_havoc/tdh_mng_init__invalid_st reach      safe    found     k*=0      (188m)
[329/418] cprover_havoc/tdh_mng_init__invalid_st reach      unsafe  timeout   k*=-      (188m)
[330/418] cprover_havoc/tdh_mng_init__invalid_in reach      safe    timeout   k*=-      (188m)
[331/418] cprover_havoc/tdh_mng_init__invalid_st reach      unsafe  timeout   k*=-      (188m)
[332/418] cprover_havoc/tdh_mng_init__invalid_st reach      unsafe  timeout   k*=-      (191m)
[333/418] cprover_havoc/tdh_mng_init__invalid_st reach      safe    timeout   k*=-      (191m)
[334/418] cprover_havoc/tdh_mng_init__invalid_st reach      unsafe  timeout   k*=-      (191m)
[335/418] cprover_havoc/tdh_mng_init__invalid_st reach      unsafe  timeout   k*=-      (193m)
[336/418] cprover_havoc/tdh_mng_init__invalid_st reach      unsafe  timeout   k*=-      (194m)
[337/418] cprover_havoc/tdh_mng_init__invalid_st reach      unsafe  timeout   k*=-      (194m)
[338/418] cprover_havoc/tdh_mng_init__invalid_st reach      unsafe  timeout   k*=-      (194m)
[339/418] cprover_havoc/tdh_mng_init__invalid_st reach      safe    timeout   k*=-      (194m)
[340/418] cprover_havoc/tdh_mng_init__invalid_st reach      unsafe  timeout   k*=-      (196m)
[341/418] cprover_havoc/tdh_mng_init__unconstrai reach      unsafe  timeout   k*=-      (197m)
[342/418] cprover_havoc/tdh_mng_init__unconstrai reach      unsafe  timeout   k*=-      (197m)
[343/418] cprover_havoc/tdh_mng_init__invalid_st reach      unsafe  timeout   k*=-      (197m)
[344/418] cprover_havoc/tdh_mng_init__invalid_st reach      unsafe  timeout   k*=-      (198m)
[345/418] cprover_havoc/tdh_mng_init__unexpected reach      unsafe  timeout   k*=-      (199m)
[346/418] cprover_havoc/tdh_mng_init__invalid_st reach      unsafe  timeout   k*=-      (199m)
[347/418] cprover_havoc/tdh_mng_init__unexpected reach      unsafe  timeout   k*=-      (200m)
[348/418] cprover_havoc/tdh_mng_init__unexpected reach      safe    timeout   k*=-      (200m)
[349/418] cprover_havoc/tdh_mng_init__invalid_st reach      safe    timeout   k*=-      (200m)
[350/418] cprover_havoc/tdh_mng_init__unexpected reach      unsafe  timeout   k*=-      (201m)
[351/418] cprover_havoc/tdh_sys_config__unconstr reach      unsafe  timeout   k*=-      (212m)
[352/418] cprover_havoc/tdh_sys_config__expected reach      unsafe  timeout   k*=-      (213m)
[353/418] cprover_havoc/tdh_sys_config__expected reach      unsafe  timeout   k*=-      (214m)
[354/418] cprover_havoc/tdh_sys_config__expected reach      unsafe  timeout   k*=-      (214m)
[355/418] cprover_havoc/tdh_sys_config__expected reach      safe    timeout   k*=-      (215m)
[356/418] cprover_havoc/tdh_sys_config__invalid_ reach      unsafe  timeout   k*=-      (215m)
[357/418] cprover_havoc/tdh_sys_config__invalid_ reach      unsafe  timeout   k*=-      (215m)
[358/418] cprover_havoc/tdh_sys_config__invalid_ reach      unsafe  timeout   k*=-      (216m)
[359/418] cprover_havoc/tdh_sys_config__invalid_ reach      safe    timeout   k*=-      (227m)
[360/418] cprover_havoc/tdh_sys_config__invalid_ reach      unsafe  timeout   k*=-      (228m)
[361/418] cprover_havoc/tdh_sys_config__invalid_ reach      unsafe  timeout   k*=-      (229m)
[362/418] cprover_havoc/tdh_sys_config__invalid_ reach      unsafe  timeout   k*=-      (229m)
[363/418] cprover_havoc/tdh_sys_config__invalid_ reach      safe    timeout   k*=-      (230m)
[364/418] cprover_havoc/tdh_sys_config__invalid_ reach      unsafe  timeout   k*=-      (230m)
[365/418] cprover_havoc/tdh_sys_config__invalid_ reach      unsafe  timeout   k*=-      (230m)
[366/418] cprover_havoc/tdh_sys_config__invalid_ reach      unsafe  timeout   k*=-      (231m)
[367/418] cprover_havoc/tdh_sys_config__invalid_ reach      safe    timeout   k*=-      (242m)
[368/418] cprover_havoc/tdh_sys_config__invalid_ reach      unsafe  timeout   k*=-      (243m)
[369/418] cprover_havoc/tdh_sys_config__invalid_ reach      unsafe  timeout   k*=-      (244m)
[370/418] cprover_havoc/tdh_sys_config__invalid_ reach      unsafe  timeout   k*=-      (244m)
[371/418] cprover_havoc/tdh_sys_config__invalid_ reach      safe    timeout   k*=-      (245m)
[372/418] cprover_havoc/tdh_sys_config__invalid_ reach      unsafe  timeout   k*=-      (245m)
[373/418] cprover_havoc/tdh_sys_config__invalid_ reach      unsafe  timeout   k*=-      (245m)
[374/418] cprover_havoc/tdh_sys_config__invalid_ reach      unsafe  timeout   k*=-      (246m)
[375/418] cprover_havoc/tdg_servtd_wr__expected_ reach      unsafe  timeout   k*=-      (248m)
[376/418] cprover_havoc/tdg_servtd_wr__expected_ reach      unsafe  timeout   k*=-      (249m)
[377/418] cprover_havoc/tdg_servtd_wr__expected_ reach      unsafe  timeout   k*=-      (250m)
[378/418] cprover_havoc/tdg_servtd_wr__expected_ reach      safe    timeout   k*=-      (251m)
[379/418] cprover_havoc/tdg_servtd_wr__unconstra reach      unsafe  timeout   k*=-      (252m)
[380/418] cprover_havoc/tdg_servtd_wr__unconstra reach      unsafe  timeout   k*=-      (253m)
[381/418] cprover_havoc/tdg_servtd_wr__unexpecte reach      unsafe  timeout   k*=-      (255m)
[382/418] cprover_havoc/tdg_servtd_wr__unexpecte reach      unsafe  timeout   k*=-      (256m)
[383/418] cprover_havoc/tdg_servtd_wr__unexpecte reach      unsafe  timeout   k*=-      (256m)
[384/418] cprover_havoc/tdh_sys_config__invalid_ reach      safe    timeout   k*=-      (257m)
[385/418] cprover_havoc/tdh_sys_config__unexpect reach      unsafe  timeout   k*=-      (258m)
[386/418] cprover_havoc/tdg_servtd_wr__unexpecte reach      safe    timeout   k*=-      (258m)
[387/418] cprover_havoc/tdh_sys_config__unexpect reach      unsafe  timeout   k*=-      (259m)
[388/418] cprover_havoc/tdh_sys_config__unexpect reach      unsafe  timeout   k*=-      (259m)
[389/418] cprover_havoc/tdh_sys_config__unexpect reach      safe    timeout   k*=-      (260m)
[390/418] cprover_havoc/tdh_vp_enter__expected__ reach      unsafe  timeout   k*=-      (260m)
[391/418] cprover_havoc/tdh_vp_enter__invalid_in reach      unsafe  timeout   k*=-      (260m)
[392/418] cprover_havoc/tdh_vp_enter__invalid_st reach      safe    found     k*=0      (260m)
[393/418] cprover_havoc/tdh_vp_enter__invalid_st reach      safe    found     k*=0      (261m)
[394/418] cprover_havoc/tdh_vp_enter__invalid_st reach      safe    found     k*=0      (261m)
[395/418] cprover_havoc/tdh_vp_enter__invalid_st reach      safe    found     k*=0      (261m)
[396/418] cprover_havoc/tdh_vp_enter__invalid_in reach      unsafe  timeout   k*=-      (261m)
[397/418] cprover_havoc/tdh_vp_enter__invalid_in reach      unsafe  timeout   k*=-      (262m)
[398/418] cprover_havoc/tdh_vp_enter__invalid_in reach      safe    timeout   k*=-      (263m)
[399/418] cprover_havoc/tdh_vp_enter__invalid_st reach      unsafe  timeout   k*=-      (263m)
[400/418] cprover_havoc/tdh_vp_enter__invalid_st reach      unsafe  timeout   k*=-      (263m)
[401/418] cprover_havoc/tdh_vp_enter__invalid_st reach      unsafe  timeout   k*=-      (264m)
[402/418] cprover_havoc/tdh_vp_enter__invalid_st reach      safe    timeout   k*=-      (264m)
[403/418] cprover_havoc/tdh_vp_enter__invalid_st reach      unsafe  timeout   k*=-      (265m)
[404/418] cprover_havoc/tdh_vp_enter__invalid_st reach      unsafe  timeout   k*=-      (265m)
[405/418] cprover_havoc/tdh_vp_enter__invalid_st reach      unsafe  timeout   k*=-      (266m)
[406/418] cprover_havoc/tdh_vp_enter__invalid_st reach      safe    timeout   k*=-      (266m)
[407/418] cprover_havoc/tdh_vp_enter__invalid_st reach      unsafe  timeout   k*=-      (267m)
[408/418] cprover_havoc/tdh_vp_enter__invalid_st reach      unsafe  timeout   k*=-      (268m)
[409/418] cprover_havoc/tdh_vp_enter__invalid_st reach      unsafe  timeout   k*=-      (268m)
[410/418] cprover_havoc/tdh_vp_enter__invalid_st reach      unsafe  timeout   k*=-      (268m)
[411/418] cprover_havoc/tdh_vp_enter__invalid_st reach      unsafe  timeout   k*=-      (269m)
[412/418] cprover_havoc/tdh_vp_enter__invalid_st reach      unsafe  timeout   k*=-      (269m)
[413/418] cprover_havoc/tdh_vp_enter__invalid_st reach      safe    timeout   k*=-      (270m)
[414/418] cprover_havoc/tdh_vp_enter__unconstrai reach      unsafe  timeout   k*=-      (271m)
[415/418] cprover_havoc/tdh_vp_enter__unexpected reach      safe    timeout   k*=-      (271m)
[416/418] cprover_havoc/tdh_vp_enter__unexpected reach      unsafe  timeout   k*=-      (272m)
[417/418] cprover_havoc/tdh_vp_enter__unexpected reach      unsafe  timeout   k*=-      (272m)
[418/418] cprover_havoc/tdh_vp_enter__unexpected reach      unsafe  timeout   k*=-      (273m)

======================================================================
SUMMARY  (418 program-property pairs)
======================================================================

unsafe programs: 329
   uniform timeout          245  (74.5%)
   uniform found             84  (25.5%)
   k*=0 (loop-independent, excluded): 84

safe programs: 89
   uniform timeout           77  (86.5%)
   uniform found             12  (13.5%)
   k*=0 (loop-independent, excluded): 12

by loop category (uniform, k*>0):
   constant         found=0/38
   mixed            found=0/380

USABLE FOR RQ1 (finite k*>0): 0
   by verdict : {}
   by property: {}

results -> results/tdx_cprover_kstar.csv
