nohup: ignoring input
work items: 789   mode=uniform
worst case ~49.3 h at --jobs 8
[1/789] intel-tdx-module/tdg_mr_report__expect reach      unsafe  timeout   k*=-      (15m)
[2/789] intel-tdx-module/tdg_mr_report__unexpe reach      unsafe  timeout   k*=-      (15m)
[3/789] intel-tdx-module/tdg_mr_report__uncons reach      unsafe  timeout   k*=-      (15m)
[4/789] intel-tdx-module/tdg_mr_report__uncons reach      unsafe  timeout   k*=-      (15m)
[5/789] intel-tdx-module/tdg_mr_report__expect reach      unsafe  timeout   k*=-      (15m)
[6/789] intel-tdx-module/tdg_mr_report__unexpe reach      unsafe  timeout   k*=-      (15m)
[7/789] intel-tdx-module/tdg_mr_report__expect reach      unsafe  timeout   k*=-      (15m)
[8/789] intel-tdx-module/tdg_mr_report__expect reach      safe    timeout   k*=-      (15m)
[9/789] intel-tdx-module/tdg_servtd_wr__uncons reach      unsafe  timeout   k*=-      (30m)
[10/789] intel-tdx-module/tdg_servtd_wr__uncons reach      unsafe  timeout   k*=-      (30m)
[11/789] intel-tdx-module/tdg_servtd_wr__expect reach      unsafe  timeout   k*=-      (30m)
[12/789] intel-tdx-module/tdg_servtd_wr__expect reach      unsafe  timeout   k*=-      (30m)
[13/789] intel-tdx-module/tdg_servtd_wr__expect reach      unsafe  timeout   k*=-      (30m)
[14/789] intel-tdx-module/tdg_servtd_wr__expect reach      safe    timeout   k*=-      (30m)
[15/789] intel-tdx-module/tdg_mr_report__unexpe reach      unsafe  timeout   k*=-      (30m)
[16/789] intel-tdx-module/tdg_mr_report__unexpe reach      safe    timeout   k*=-      (30m)
[17/789] intel-tdx-module/tdg_sys_rd__expected_ reach      unsafe  timeout   k*=-      (45m)
[18/789] intel-tdx-module/tdg_servtd_wr__unexpe reach      unsafe  timeout   k*=-      (45m)
[19/789] intel-tdx-module/tdg_sys_rd__expected_ reach      unsafe  timeout   k*=-      (45m)
[20/789] intel-tdx-module/tdg_servtd_wr__unexpe reach      safe    timeout   k*=-      (45m)
[21/789] intel-tdx-module/tdg_servtd_wr__unexpe reach      unsafe  timeout   k*=-      (45m)
[22/789] intel-tdx-module/tdg_sys_rd__expected_ reach      unsafe  timeout   k*=-      (45m)
[23/789] intel-tdx-module/tdg_sys_rd__expected_ reach      safe    timeout   k*=-      (45m)
[24/789] intel-tdx-module/tdg_servtd_wr__unexpe reach      unsafe  timeout   k*=-      (45m)
[25/789] intel-tdx-module/tdg_sys_rd__unconstra reach      unsafe  timeout   k*=-      (60m)
[26/789] intel-tdx-module/tdg_sys_rd__unexpecte reach      unsafe  timeout   k*=-      (60m)
[27/789] intel-tdx-module/tdg_sys_rd__unexpecte reach      unsafe  timeout   k*=-      (60m)
[28/789] intel-tdx-module/tdg_sys_rd__unexpecte reach      unsafe  timeout   k*=-      (60m)
[29/789] intel-tdx-module/tdg_sys_rd__unexpecte reach      safe    timeout   k*=-      (60m)
[30/789] intel-tdx-module/tdg_vm_wr__expected__ reach      unsafe  timeout   k*=-      (60m)
[31/789] intel-tdx-module/tdg_vm_wr__expected__ reach      unsafe  timeout   k*=-      (60m)
[32/789] intel-tdx-module/tdg_sys_rd__unconstra reach      unsafe  timeout   k*=-      (60m)
[33/789] intel-tdx-module/tdg_vm_wr__expected__ reach      safe    timeout   k*=-      (75m)
[34/789] intel-tdx-module/tdg_vm_wr__expected__ reach      unsafe  timeout   k*=-      (75m)
[35/789] intel-tdx-module/tdg_vm_wr__invalid_in reach      unsafe  timeout   k*=-      (75m)
[36/789] intel-tdx-module/tdg_vm_wr__invalid_in reach      unsafe  timeout   k*=-      (75m)
[37/789] intel-tdx-module/tdg_vm_wr__invalid_in reach      unsafe  timeout   k*=-      (75m)
[38/789] intel-tdx-module/tdg_vm_wr__invalid_in reach      unsafe  timeout   k*=-      (75m)
[39/789] intel-tdx-module/tdg_vm_wr__invalid_in reach      unsafe  timeout   k*=-      (75m)
[40/789] intel-tdx-module/tdg_vm_wr__invalid_in reach      unsafe  timeout   k*=-      (75m)
[41/789] intel-tdx-module/tdg_vm_wr__unexpected reach      unsafe  timeout   k*=-      (90m)
[42/789] intel-tdx-module/tdg_vp_enter__expecte reach      unsafe  timeout   k*=-      (90m)
[43/789] intel-tdx-module/tdg_vm_wr__unexpected reach      unsafe  timeout   k*=-      (90m)
[44/789] intel-tdx-module/tdg_vm_wr__unexpected reach      safe    timeout   k*=-      (90m)
[45/789] intel-tdx-module/tdg_vm_wr__unexpected reach      unsafe  timeout   k*=-      (90m)
[46/789] intel-tdx-module/tdg_vm_wr__invalid_in reach      safe    timeout   k*=-      (90m)
[47/789] intel-tdx-module/tdg_vm_wr__unconstrai reach      unsafe  timeout   k*=-      (90m)
[48/789] intel-tdx-module/tdg_vm_wr__unconstrai reach      unsafe  timeout   k*=-      (90m)
[49/789] intel-tdx-module/tdg_vp_enter__expecte reach      unsafe  timeout   k*=-      (105m)
[50/789] intel-tdx-module/tdg_vp_enter__expecte reach      safe    timeout   k*=-      (105m)
[51/789] intel-tdx-module/tdg_vp_enter__expecte reach      unsafe  timeout   k*=-      (105m)
[52/789] intel-tdx-module/tdg_vp_enter__invalid reach      unsafe  timeout   k*=-      (105m)
[53/789] intel-tdx-module/tdg_vp_enter__invalid reach      unsafe  timeout   k*=-      (105m)
[54/789] intel-tdx-module/tdg_vp_enter__invalid reach      safe    timeout   k*=-      (105m)
[55/789] intel-tdx-module/tdg_vp_enter__invalid reach      unsafe  timeout   k*=-      (105m)
[56/789] intel-tdx-module/tdg_vp_enter__invalid reach      unsafe  timeout   k*=-      (105m)
[57/789] intel-tdx-module/tdg_vp_enter__invalid reach      unsafe  timeout   k*=-      (120m)
[58/789] intel-tdx-module/tdg_vp_enter__invalid reach      unsafe  timeout   k*=-      (120m)
[59/789] intel-tdx-module/tdg_vp_enter__unexpec reach      unsafe  timeout   k*=-      (120m)
[60/789] intel-tdx-module/tdg_vp_enter__unconst reach      unsafe  timeout   k*=-      (120m)
[61/789] intel-tdx-module/tdg_vp_enter__unconst reach      unsafe  timeout   k*=-      (120m)
[62/789] intel-tdx-module/tdg_vp_enter__invalid reach      safe    timeout   k*=-      (120m)
[63/789] intel-tdx-module/tdg_vp_enter__unexpec reach      unsafe  timeout   k*=-      (120m)
[64/789] intel-tdx-module/tdg_vp_enter__unexpec reach      unsafe  timeout   k*=-      (120m)
[65/789] intel-tdx-module/tdg_vp_vmcall__expect reach      unsafe  timeout   k*=-      (135m)
[66/789] intel-tdx-module/tdg_vp_vmcall__invali reach      safe    timeout   k*=-      (135m)
[67/789] intel-tdx-module/tdg_vp_enter__unexpec reach      safe    timeout   k*=-      (135m)
[68/789] intel-tdx-module/tdg_vp_vmcall__invali reach      unsafe  timeout   k*=-      (135m)
[69/789] intel-tdx-module/tdg_vp_vmcall__invali reach      unsafe  timeout   k*=-      (135m)
[70/789] intel-tdx-module/tdg_vp_vmcall__invali reach      unsafe  timeout   k*=-      (135m)
[71/789] intel-tdx-module/tdg_vp_vmcall__uncons reach      unsafe  timeout   k*=-      (135m)
[72/789] intel-tdx-module/tdg_vp_vmcall__unexpe reach      unsafe  timeout   k*=-      (135m)
[73/789] intel-tdx-module/tdg_vp_vmcall__unexpe reach      unsafe  timeout   k*=-      (150m)
[74/789] intel-tdx-module/tdg_vp_vmcall__unexpe reach      unsafe  timeout   k*=-      (150m)
[75/789] intel-tdx-module/tdg_vp_vmcall__unexpe reach      safe    timeout   k*=-      (150m)
[76/789] intel-tdx-module/tdh_export_restore__e reach      unsafe  timeout   k*=-      (150m)
[77/789] intel-tdx-module/tdh_export_restore__e reach      unsafe  timeout   k*=-      (150m)
[78/789] intel-tdx-module/tdh_export_restore__e reach      unsafe  timeout   k*=-      (150m)
[79/789] intel-tdx-module/tdh_export_restore__u reach      unsafe  timeout   k*=-      (150m)
[80/789] intel-tdx-module/tdh_export_restore__e reach      safe    timeout   k*=-      (150m)
[81/789] intel-tdx-module/tdh_export_restore__u reach      unsafe  timeout   k*=-      (165m)
[82/789] intel-tdx-module/tdh_export_restore__u reach      unsafe  timeout   k*=-      (165m)
[83/789] intel-tdx-module/tdh_export_restore__u reach      unsafe  timeout   k*=-      (165m)
[84/789] intel-tdx-module/tdh_export_restore__u reach      unsafe  timeout   k*=-      (165m)
[85/789] intel-tdx-module/tdh_export_restore__u reach      safe    timeout   k*=-      (165m)
[86/789] intel-tdx-module/tdh_import_abort__exp reach      unsafe  timeout   k*=-      (165m)
[87/789] intel-tdx-module/tdh_import_abort__exp reach      unsafe  timeout   k*=-      (165m)
[88/789] intel-tdx-module/tdh_import_abort__exp reach      unsafe  timeout   k*=-      (165m)
[89/789] intel-tdx-module/tdh_import_abort__exp reach      safe    timeout   k*=-      (180m)
[90/789] intel-tdx-module/tdh_mng_addcx__expect reach      unsafe  timeout   k*=-      (180m)
[91/789] intel-tdx-module/tdh_mng_addcx__expect reach      unsafe  timeout   k*=-      (180m)
[92/789] intel-tdx-module/tdh_import_abort__une reach      unsafe  timeout   k*=-      (180m)
[93/789] intel-tdx-module/tdh_import_abort__unc reach      unsafe  timeout   k*=-      (180m)
[94/789] intel-tdx-module/tdh_import_abort__une reach      unsafe  timeout   k*=-      (180m)
[95/789] intel-tdx-module/tdh_import_abort__une reach      unsafe  timeout   k*=-      (180m)
[96/789] intel-tdx-module/tdh_import_abort__une reach      safe    timeout   k*=-      (180m)
[97/789] intel-tdx-module/tdh_mng_addcx__expect reach      unsafe  timeout   k*=-      (195m)
[98/789] intel-tdx-module/tdh_mng_addcx__invali reach      unsafe  timeout   k*=-      (195m)
[99/789] intel-tdx-module/tdh_mng_addcx__expect reach      safe    timeout   k*=-      (195m)
[100/789] intel-tdx-module/tdh_mng_addcx__invali reach      unsafe  timeout   k*=-      (195m)
[101/789] intel-tdx-module/tdh_mng_addcx__invali reach      safe    timeout   k*=-      (195m)
[102/789] intel-tdx-module/tdh_mng_addcx__invali reach      unsafe  timeout   k*=-      (195m)
[103/789] intel-tdx-module/tdh_mng_addcx__invali reach      unsafe  timeout   k*=-      (195m)
[104/789] intel-tdx-module/tdh_mng_addcx__invali reach      unsafe  timeout   k*=-      (195m)
[105/789] intel-tdx-module/tdh_mng_addcx__invali reach      unsafe  timeout   k*=-      (210m)
[106/789] intel-tdx-module/tdh_mng_addcx__invali reach      unsafe  timeout   k*=-      (210m)
[107/789] intel-tdx-module/tdh_mng_addcx__invali reach      safe    timeout   k*=-      (210m)
[108/789] intel-tdx-module/tdh_mng_addcx__invali reach      unsafe  timeout   k*=-      (210m)
[109/789] intel-tdx-module/tdh_mng_addcx__invali reach      safe    timeout   k*=-      (210m)
[110/789] intel-tdx-module/tdh_mng_addcx__invali reach      unsafe  timeout   k*=-      (210m)
[111/789] intel-tdx-module/tdh_mng_addcx__invali reach      safe    timeout   k*=-      (210m)
[112/789] intel-tdx-module/tdh_mng_addcx__invali reach      safe    timeout   k*=-      (210m)
[113/789] intel-tdx-module/tdh_mng_addcx__invali reach      safe    timeout   k*=-      (225m)
[114/789] intel-tdx-module/tdh_mng_addcx__invali reach      safe    timeout   k*=-      (225m)
[115/789] intel-tdx-module/tdh_mng_addcx__invali reach      unsafe  timeout   k*=-      (225m)
[116/789] intel-tdx-module/tdh_mng_addcx__invali reach      unsafe  timeout   k*=-      (225m)
[117/789] intel-tdx-module/tdh_mng_addcx__invali reach      unsafe  timeout   k*=-      (225m)
[118/789] intel-tdx-module/tdh_mng_addcx__invali reach      unsafe  timeout   k*=-      (225m)
[119/789] intel-tdx-module/tdh_mng_addcx__invali reach      unsafe  timeout   k*=-      (225m)
[120/789] intel-tdx-module/tdh_mng_addcx__invali reach      unsafe  timeout   k*=-      (225m)
[121/789] intel-tdx-module/tdh_mng_addcx__invali reach      safe    timeout   k*=-      (240m)
[122/789] intel-tdx-module/tdh_mng_addcx__uncons reach      unsafe  timeout   k*=-      (240m)
[123/789] intel-tdx-module/tdh_mng_addcx__uncons reach      unsafe  timeout   k*=-      (240m)
[124/789] intel-tdx-module/tdh_mng_addcx__unexpe reach      unsafe  timeout   k*=-      (240m)
[125/789] intel-tdx-module/tdh_mng_create__inval reach      unsafe  timeout   k*=-      (240m)
[126/789] intel-tdx-module/tdh_mng_addcx__unexpe reach      unsafe  timeout   k*=-      (240m)
[127/789] intel-tdx-module/tdh_mng_addcx__unexpe reach      unsafe  timeout   k*=-      (240m)
[128/789] intel-tdx-module/tdh_mng_addcx__unexpe reach      safe    timeout   k*=-      (240m)
[129/789] intel-tdx-module/tdh_mng_create__inval reach      unsafe  timeout   k*=-      (255m)
[130/789] intel-tdx-module/tdh_mng_create__inval reach      unsafe  timeout   k*=-      (255m)
[131/789] intel-tdx-module/tdh_mng_create__inval reach      unsafe  timeout   k*=-      (255m)
[132/789] intel-tdx-module/tdh_mng_create__inval reach      unsafe  timeout   k*=-      (255m)
[133/789] intel-tdx-module/tdh_mng_create__inval reach      unsafe  timeout   k*=-      (255m)
[134/789] intel-tdx-module/tdh_mng_create__inval reach      safe    timeout   k*=-      (255m)
[135/789] intel-tdx-module/tdh_mng_create__inval reach      unsafe  timeout   k*=-      (255m)
[136/789] intel-tdx-module/tdh_mng_create__inval reach      unsafe  timeout   k*=-      (255m)
[137/789] intel-tdx-module/tdh_mng_create__inval reach      unsafe  timeout   k*=-      (270m)
[138/789] intel-tdx-module/tdh_mng_create__inval reach      unsafe  timeout   k*=-      (270m)
[139/789] intel-tdx-module/tdh_mng_create__inval reach      unsafe  timeout   k*=-      (270m)
[140/789] intel-tdx-module/tdh_mng_create__uncon reach      unsafe  timeout   k*=-      (270m)
[141/789] intel-tdx-module/tdh_mng_create__unexp reach      unsafe  timeout   k*=-      (270m)
[142/789] intel-tdx-module/tdh_mng_create__unexp reach      unsafe  timeout   k*=-      (270m)
[143/789] intel-tdx-module/tdh_mng_create__unexp reach      unsafe  timeout   k*=-      (270m)
[144/789] intel-tdx-module/tdh_mng_create__inval reach      unsafe  timeout   k*=-      (270m)
[145/789] intel-tdx-module/tdh_mng_create__unexp reach      safe    timeout   k*=-      (285m)
[146/789] intel-tdx-module/tdh_mng_init__expecte reach      unsafe  timeout   k*=-      (285m)
[147/789] intel-tdx-module/tdh_mng_init__expecte reach      unsafe  timeout   k*=-      (285m)
[148/789] intel-tdx-module/tdh_mng_init__expecte reach      unsafe  timeout   k*=-      (285m)
[149/789] intel-tdx-module/tdh_mng_init__expecte reach      safe    timeout   k*=-      (285m)
[150/789] intel-tdx-module/tdh_mng_init__invalid reach      unsafe  timeout   k*=-      (285m)
[151/789] intel-tdx-module/tdh_mng_init__invalid reach      unsafe  timeout   k*=-      (285m)
[152/789] intel-tdx-module/tdh_mng_init__invalid reach      unsafe  timeout   k*=-      (285m)
[153/789] intel-tdx-module/tdh_mng_init__invalid reach      safe    timeout   k*=-      (300m)
[154/789] intel-tdx-module/tdh_mng_init__invalid reach      unsafe  timeout   k*=-      (300m)
[155/789] intel-tdx-module/tdh_mng_init__invalid reach      unsafe  timeout   k*=-      (300m)
[156/789] intel-tdx-module/tdh_mng_init__invalid reach      unsafe  timeout   k*=-      (300m)
[157/789] intel-tdx-module/tdh_mng_init__invalid reach      safe    timeout   k*=-      (300m)
[158/789] intel-tdx-module/tdh_mng_init__invalid reach      safe    timeout   k*=-      (300m)
[159/789] intel-tdx-module/tdh_mng_init__invalid reach      safe    timeout   k*=-      (300m)
[160/789] intel-tdx-module/tdh_mng_init__invalid reach      safe    timeout   k*=-      (300m)
[161/789] intel-tdx-module/tdh_mng_init__invalid reach      safe    timeout   k*=-      (315m)
[162/789] intel-tdx-module/tdh_mng_init__invalid reach      unsafe  timeout   k*=-      (315m)
[163/789] intel-tdx-module/tdh_mng_init__invalid reach      unsafe  timeout   k*=-      (315m)
[164/789] intel-tdx-module/tdh_mng_init__invalid reach      safe    timeout   k*=-      (315m)
[165/789] intel-tdx-module/tdh_mng_init__invalid reach      unsafe  timeout   k*=-      (315m)
[166/789] intel-tdx-module/tdh_mng_init__invalid reach      unsafe  timeout   k*=-      (315m)
[167/789] intel-tdx-module/tdh_mng_init__invalid reach      unsafe  timeout   k*=-      (315m)
[168/789] intel-tdx-module/tdh_mng_init__invalid reach      unsafe  timeout   k*=-      (315m)
[169/789] intel-tdx-module/tdh_mng_init__invalid reach      unsafe  timeout   k*=-      (330m)
[170/789] intel-tdx-module/tdh_mng_init__invalid reach      unsafe  timeout   k*=-      (330m)
[171/789] intel-tdx-module/tdh_mng_init__invalid reach      unsafe  timeout   k*=-      (330m)
[172/789] intel-tdx-module/tdh_mng_init__unconst reach      unsafe  timeout   k*=-      (330m)
[173/789] intel-tdx-module/tdh_mng_init__unconst reach      unsafe  timeout   k*=-      (330m)
[174/789] intel-tdx-module/tdh_mng_init__unexpec reach      unsafe  timeout   k*=-      (330m)
[175/789] intel-tdx-module/tdh_mng_init__unexpec reach      unsafe  timeout   k*=-      (330m)
[176/789] intel-tdx-module/tdh_mng_init__invalid reach      safe    timeout   k*=-      (330m)
[177/789] intel-tdx-module/tdh_mng_init__unexpec reach      unsafe  timeout   k*=-      (345m)
[178/789] intel-tdx-module/tdh_mng_key_config__i reach      unsafe  timeout   k*=-      (345m)
[179/789] intel-tdx-module/tdh_mng_key_config__i reach      unsafe  timeout   k*=-      (345m)
[180/789] intel-tdx-module/tdh_mng_key_config__i reach      unsafe  timeout   k*=-      (345m)
[181/789] intel-tdx-module/tdh_mng_key_config__i reach      unsafe  timeout   k*=-      (345m)
[182/789] intel-tdx-module/tdh_mng_key_config__i reach      unsafe  timeout   k*=-      (345m)
[183/789] intel-tdx-module/tdh_mng_key_config__i reach      unsafe  timeout   k*=-      (345m)
[184/789] intel-tdx-module/tdh_mng_init__unexpec reach      safe    timeout   k*=-      (345m)
[185/789] intel-tdx-module/tdh_mng_key_config__i reach      unsafe  timeout   k*=-      (360m)
[186/789] intel-tdx-module/tdh_mng_key_config__i reach      unsafe  timeout   k*=-      (360m)
[187/789] intel-tdx-module/tdh_mng_key_config__i reach      unsafe  timeout   k*=-      (360m)
[188/789] intel-tdx-module/tdh_mng_key_config__i reach      unsafe  timeout   k*=-      (360m)
[189/789] intel-tdx-module/tdh_mng_key_config__u reach      unsafe  timeout   k*=-      (360m)
[190/789] intel-tdx-module/tdh_mng_key_config__i reach      unsafe  timeout   k*=-      (360m)
[191/789] intel-tdx-module/tdh_mng_key_config__u reach      unsafe  timeout   k*=-      (360m)
[192/789] intel-tdx-module/tdh_mng_key_config__i reach      unsafe  timeout   k*=-      (360m)
[193/789] intel-tdx-module/tdh_mng_key_config__u reach      unsafe  timeout   k*=-      (375m)
[194/789] intel-tdx-module/tdh_mng_key_config__u reach      unsafe  timeout   k*=-      (375m)
[195/789] intel-tdx-module/tdh_mng_key_config__u reach      unsafe  timeout   k*=-      (375m)
[196/789] intel-tdx-module/tdh_mng_key_freeid__i reach      unsafe  timeout   k*=-      (375m)
[197/789] intel-tdx-module/tdh_mng_key_freeid__i reach      unsafe  timeout   k*=-      (375m)
[198/789] intel-tdx-module/tdh_mng_key_freeid__i reach      unsafe  timeout   k*=-      (375m)
[199/789] intel-tdx-module/tdh_mng_key_config__u reach      safe    timeout   k*=-      (375m)
[200/789] intel-tdx-module/tdh_mng_key_freeid__i reach      unsafe  timeout   k*=-      (375m)
[201/789] intel-tdx-module/tdh_mng_key_freeid__i reach      unsafe  timeout   k*=-      (390m)
[202/789] intel-tdx-module/tdh_mng_key_freeid__i reach      unsafe  timeout   k*=-      (390m)
[203/789] intel-tdx-module/tdh_mng_key_freeid__i reach      unsafe  timeout   k*=-      (390m)
[204/789] intel-tdx-module/tdh_mng_key_freeid__i reach      unsafe  timeout   k*=-      (390m)
[205/789] intel-tdx-module/tdh_mng_key_freeid__i reach      unsafe  timeout   k*=-      (390m)
[206/789] intel-tdx-module/tdh_mng_key_freeid__i reach      unsafe  timeout   k*=-      (390m)
[207/789] intel-tdx-module/tdh_mng_key_freeid__i reach      unsafe  timeout   k*=-      (390m)
[208/789] intel-tdx-module/tdh_mng_key_freeid__i reach      unsafe  timeout   k*=-      (390m)
[209/789] intel-tdx-module/tdh_mng_key_freeid__u reach      unsafe  timeout   k*=-      (405m)
[210/789] intel-tdx-module/tdh_mng_key_freeid__u reach      unsafe  timeout   k*=-      (405m)
[211/789] intel-tdx-module/tdh_mng_key_freeid__u reach      unsafe  timeout   k*=-      (405m)
[212/789] intel-tdx-module/tdh_mng_key_freeid__u reach      unsafe  timeout   k*=-      (405m)
[213/789] intel-tdx-module/tdh_mng_key_freeid__u reach      safe    timeout   k*=-      (405m)
[214/789] intel-tdx-module/tdh_mng_vpflushdone__ reach      unsafe  timeout   k*=-      (405m)
[215/789] intel-tdx-module/tdh_mng_vpflushdone__ reach      unsafe  timeout   k*=-      (405m)
[216/789] intel-tdx-module/tdh_mng_vpflushdone__ reach      unsafe  timeout   k*=-      (405m)
[217/789] intel-tdx-module/tdh_mng_vpflushdone__ reach      safe    timeout   k*=-      (420m)
[218/789] intel-tdx-module/tdh_mng_vpflushdone__ reach      unsafe  timeout   k*=-      (420m)
[219/789] intel-tdx-module/tdh_mng_vpflushdone__ reach      unsafe  timeout   k*=-      (420m)
[220/789] intel-tdx-module/tdh_mng_vpflushdone__ reach      unsafe  timeout   k*=-      (420m)
[221/789] intel-tdx-module/tdh_mng_vpflushdone__ reach      unsafe  timeout   k*=-      (420m)
[222/789] intel-tdx-module/tdh_mng_vpflushdone__ reach      unsafe  timeout   k*=-      (420m)
[223/789] intel-tdx-module/tdh_mng_vpflushdone__ reach      unsafe  timeout   k*=-      (420m)
[224/789] intel-tdx-module/tdh_mng_vpflushdone__ reach      unsafe  timeout   k*=-      (420m)
[225/789] intel-tdx-module/tdh_mng_vpflushdone__ reach      unsafe  timeout   k*=-      (435m)
[226/789] intel-tdx-module/tdh_mng_vpflushdone__ reach      unsafe  timeout   k*=-      (435m)
[227/789] intel-tdx-module/tdh_mng_vpflushdone__ reach      unsafe  timeout   k*=-      (435m)
[228/789] intel-tdx-module/tdh_mng_vpflushdone__ reach      unsafe  timeout   k*=-      (435m)
[229/789] intel-tdx-module/tdh_mng_vpflushdone__ reach      unsafe  timeout   k*=-      (435m)
[230/789] intel-tdx-module/tdh_mng_vpflushdone__ reach      unsafe  timeout   k*=-      (435m)
[231/789] intel-tdx-module/tdh_mng_vpflushdone__ reach      unsafe  timeout   k*=-      (435m)
[232/789] intel-tdx-module/tdh_mng_vpflushdone__ reach      unsafe  timeout   k*=-      (435m)
[233/789] intel-tdx-module/tdh_mng_vpflushdone__ reach      unsafe  timeout   k*=-      (450m)
[234/789] intel-tdx-module/tdh_mng_vpflushdone__ reach      safe    timeout   k*=-      (450m)
[235/789] intel-tdx-module/tdh_mr_finalize__expe reach      unsafe  timeout   k*=-      (450m)
[236/789] intel-tdx-module/tdh_mr_finalize__expe reach      unsafe  timeout   k*=-      (450m)
[237/789] intel-tdx-module/tdh_mr_finalize__expe reach      unsafe  timeout   k*=-      (450m)
[238/789] intel-tdx-module/tdh_mr_finalize__inva reach      unsafe  timeout   k*=-      (450m)
[239/789] intel-tdx-module/tdh_mr_finalize__expe reach      safe    timeout   k*=-      (450m)
[240/789] intel-tdx-module/tdh_mr_finalize__inva reach      unsafe  timeout   k*=-      (450m)
[241/789] intel-tdx-module/tdh_mr_finalize__inva reach      unsafe  timeout   k*=-      (465m)
[242/789] intel-tdx-module/tdh_mr_finalize__inva reach      safe    timeout   k*=-      (465m)
[243/789] intel-tdx-module/tdh_mr_finalize__inva reach      unsafe  timeout   k*=-      (465m)
[244/789] intel-tdx-module/tdh_mr_finalize__inva reach      unsafe  timeout   k*=-      (465m)
[245/789] intel-tdx-module/tdh_mr_finalize__inva reach      unsafe  timeout   k*=-      (465m)
[246/789] intel-tdx-module/tdh_mr_finalize__inva reach      safe    timeout   k*=-      (465m)
[247/789] intel-tdx-module/tdh_mr_finalize__inva reach      unsafe  timeout   k*=-      (465m)
[248/789] intel-tdx-module/tdh_mr_finalize__inva reach      unsafe  timeout   k*=-      (465m)
[249/789] intel-tdx-module/tdh_mr_finalize__inva reach      unsafe  timeout   k*=-      (480m)
[250/789] intel-tdx-module/tdh_mr_finalize__inva reach      safe    timeout   k*=-      (480m)
[251/789] intel-tdx-module/tdh_mr_finalize__inva reach      unsafe  timeout   k*=-      (480m)
[252/789] intel-tdx-module/tdh_mr_finalize__inva reach      unsafe  timeout   k*=-      (480m)
[253/789] intel-tdx-module/tdh_mr_finalize__inva reach      unsafe  timeout   k*=-      (480m)
[254/789] intel-tdx-module/tdh_mr_finalize__inva reach      safe    timeout   k*=-      (480m)
[255/789] intel-tdx-module/tdh_mr_finalize__inva reach      unsafe  timeout   k*=-      (480m)
[256/789] intel-tdx-module/tdh_mr_finalize__inva reach      unsafe  timeout   k*=-      (480m)
[257/789] intel-tdx-module/tdh_mr_finalize__inva reach      unsafe  timeout   k*=-      (495m)
[258/789] intel-tdx-module/tdh_phymem_page_recla reach      unsafe  timeout   k*=-      (495m)
[259/789] intel-tdx-module/tdh_mr_finalize__unco reach      unsafe  timeout   k*=-      (495m)
[260/789] intel-tdx-module/tdh_mr_finalize__unco reach      unsafe  timeout   k*=-      (495m)
[261/789] intel-tdx-module/tdh_mr_finalize__unex reach      unsafe  timeout   k*=-      (495m)
[262/789] intel-tdx-module/tdh_mr_finalize__unex reach      unsafe  timeout   k*=-      (495m)
[263/789] intel-tdx-module/tdh_mr_finalize__unex reach      safe    timeout   k*=-      (495m)
[264/789] intel-tdx-module/tdh_mr_finalize__unex reach      unsafe  timeout   k*=-      (495m)
[265/789] intel-tdx-module/tdh_phymem_page_recla reach      unsafe  timeout   k*=-      (510m)
[266/789] intel-tdx-module/tdh_phymem_page_recla reach      unsafe  timeout   k*=-      (510m)
[267/789] intel-tdx-module/tdh_phymem_page_recla reach      safe    timeout   k*=-      (510m)
[268/789] intel-tdx-module/tdh_phymem_page_recla reach      unsafe  timeout   k*=-      (510m)
[269/789] intel-tdx-module/tdh_phymem_page_recla reach      unsafe  timeout   k*=-      (510m)
[270/789] intel-tdx-module/tdh_phymem_page_recla reach      unsafe  timeout   k*=-      (510m)
[271/789] intel-tdx-module/tdh_phymem_page_recla reach      unsafe  timeout   k*=-      (510m)
[272/789] intel-tdx-module/tdh_phymem_page_recla reach      safe    timeout   k*=-      (510m)
[273/789] intel-tdx-module/tdh_phymem_page_recla reach      unsafe  timeout   k*=-      (525m)
[274/789] intel-tdx-module/tdh_phymem_page_recla reach      unsafe  timeout   k*=-      (525m)
[275/789] intel-tdx-module/tdh_phymem_page_recla reach      safe    timeout   k*=-      (525m)
[276/789] intel-tdx-module/tdh_phymem_page_recla reach      unsafe  timeout   k*=-      (525m)
[277/789] intel-tdx-module/tdh_phymem_page_recla reach      unsafe  timeout   k*=-      (525m)
[278/789] intel-tdx-module/tdh_phymem_page_recla reach      unsafe  timeout   k*=-      (525m)
[279/789] intel-tdx-module/tdh_phymem_page_recla reach      safe    timeout   k*=-      (525m)
[280/789] intel-tdx-module/tdh_phymem_page_recla reach      unsafe  timeout   k*=-      (525m)
[281/789] intel-tdx-module/tdh_phymem_page_recla reach      unsafe  timeout   k*=-      (540m)
[282/789] intel-tdx-module/tdh_phymem_page_recla reach      unsafe  timeout   k*=-      (540m)
[283/789] intel-tdx-module/tdh_phymem_page_recla reach      unsafe  timeout   k*=-      (540m)
[284/789] intel-tdx-module/tdh_phymem_page_recla reach      unsafe  timeout   k*=-      (540m)
[285/789] intel-tdx-module/tdh_phymem_page_recla reach      unsafe  timeout   k*=-      (540m)
[286/789] intel-tdx-module/tdh_phymem_page_recla reach      unsafe  timeout   k*=-      (540m)
[287/789] intel-tdx-module/tdh_phymem_page_recla reach      unsafe  timeout   k*=-      (540m)
[288/789] intel-tdx-module/tdh_phymem_page_recla reach      safe    timeout   k*=-      (540m)
[289/789] intel-tdx-module/tdh_sys_config__expec reach      unsafe  timeout   k*=-      (555m)
[290/789] intel-tdx-module/tdh_sys_config__expec reach      unsafe  timeout   k*=-      (555m)
[291/789] intel-tdx-module/tdh_sys_config__expec reach      unsafe  timeout   k*=-      (555m)
[292/789] intel-tdx-module/tdh_sys_config__expec reach      safe    timeout   k*=-      (555m)
[293/789] intel-tdx-module/tdh_sys_config__inval reach      unsafe  timeout   k*=-      (555m)
[294/789] intel-tdx-module/tdh_sys_config__inval reach      unsafe  timeout   k*=-      (555m)
[295/789] intel-tdx-module/tdh_sys_config__inval reach      unsafe  timeout   k*=-      (555m)
[296/789] intel-tdx-module/tdh_sys_config__inval reach      safe    timeout   k*=-      (555m)
[297/789] intel-tdx-module/tdh_sys_config__inval reach      unsafe  timeout   k*=-      (570m)
[298/789] intel-tdx-module/tdh_sys_config__inval reach      unsafe  timeout   k*=-      (570m)
[299/789] intel-tdx-module/tdh_sys_config__inval reach      unsafe  timeout   k*=-      (570m)
[300/789] intel-tdx-module/tdh_sys_config__inval reach      safe    timeout   k*=-      (570m)
[301/789] intel-tdx-module/tdh_sys_config__inval reach      unsafe  timeout   k*=-      (570m)
[302/789] intel-tdx-module/tdh_sys_config__inval reach      unsafe  timeout   k*=-      (570m)
[303/789] intel-tdx-module/tdh_sys_config__inval reach      safe    timeout   k*=-      (570m)
[304/789] intel-tdx-module/tdh_sys_config__inval reach      unsafe  timeout   k*=-      (570m)
[305/789] intel-tdx-module/tdh_sys_config__inval reach      unsafe  timeout   k*=-      (585m)
[306/789] intel-tdx-module/tdh_sys_config__inval reach      unsafe  timeout   k*=-      (585m)
[307/789] intel-tdx-module/tdh_sys_config__inval reach      unsafe  timeout   k*=-      (585m)
[308/789] intel-tdx-module/tdh_sys_config__inval reach      unsafe  timeout   k*=-      (585m)
[309/789] intel-tdx-module/tdh_sys_config__inval reach      safe    timeout   k*=-      (585m)
[310/789] intel-tdx-module/tdh_sys_config__inval reach      unsafe  timeout   k*=-      (585m)
[311/789] intel-tdx-module/tdh_sys_config__inval reach      unsafe  timeout   k*=-      (585m)
[312/789] intel-tdx-module/tdh_sys_config__inval reach      safe    timeout   k*=-      (585m)
[313/789] intel-tdx-module/tdh_sys_config__uncon reach      unsafe  timeout   k*=-      (600m)
[314/789] intel-tdx-module/tdh_sys_config__unexp reach      unsafe  timeout   k*=-      (600m)
[315/789] intel-tdx-module/tdh_sys_config__unexp reach      unsafe  timeout   k*=-      (600m)
[316/789] intel-tdx-module/tdh_sys_config__unexp reach      safe    timeout   k*=-      (600m)
[317/789] intel-tdx-module/tdh_sys_init__expecte reach      unsafe  timeout   k*=-      (600m)
[318/789] intel-tdx-module/tdh_sys_config__unexp reach      unsafe  timeout   k*=-      (600m)
[319/789] intel-tdx-module/tdh_sys_init__expecte reach      unsafe  timeout   k*=-      (600m)
[320/789] intel-tdx-module/tdh_sys_init__expecte reach      unsafe  timeout   k*=-      (600m)
[321/789] intel-tdx-module/tdh_sys_init__expecte reach      safe    timeout   k*=-      (615m)
[322/789] intel-tdx-module/tdh_sys_init__invalid reach      unsafe  timeout   k*=-      (615m)
[323/789] intel-tdx-module/tdh_sys_init__invalid reach      unsafe  timeout   k*=-      (615m)
[324/789] intel-tdx-module/tdh_sys_init__invalid reach      unsafe  timeout   k*=-      (615m)
[325/789] intel-tdx-module/tdh_sys_init__invalid reach      safe    timeout   k*=-      (615m)
[326/789] intel-tdx-module/tdh_sys_init__invalid reach      unsafe  timeout   k*=-      (615m)
[327/789] intel-tdx-module/tdh_sys_init__invalid reach      unsafe  timeout   k*=-      (615m)
[328/789] intel-tdx-module/tdh_sys_init__invalid reach      unsafe  timeout   k*=-      (615m)
[329/789] intel-tdx-module/tdh_sys_init__invalid reach      safe    timeout   k*=-      (630m)
[330/789] intel-tdx-module/tdh_sys_init__unconst reach      unsafe  timeout   k*=-      (630m)
[331/789] intel-tdx-module/tdh_sys_init__unexpec reach      unsafe  timeout   k*=-      (630m)
[332/789] intel-tdx-module/tdh_sys_init__unexpec reach      unsafe  timeout   k*=-      (630m)
[333/789] intel-tdx-module/tdh_sys_init__unexpec reach      unsafe  timeout   k*=-      (630m)
[334/789] intel-tdx-module/tdh_sys_init__unexpec reach      safe    timeout   k*=-      (630m)
[335/789] intel-tdx-module/tdh_sys_key_config__e reach      unsafe  timeout   k*=-      (630m)
[336/789] intel-tdx-module/tdh_sys_key_config__e reach      unsafe  timeout   k*=-      (630m)
[337/789] intel-tdx-module/tdh_sys_key_config__e reach      unsafe  timeout   k*=-      (645m)
[338/789] intel-tdx-module/tdh_sys_key_config__e reach      safe    timeout   k*=-      (645m)
[339/789] intel-tdx-module/tdh_sys_key_config__i reach      unsafe  timeout   k*=-      (645m)
[340/789] intel-tdx-module/tdh_sys_key_config__i reach      unsafe  timeout   k*=-      (645m)
[341/789] intel-tdx-module/tdh_sys_key_config__i reach      unsafe  timeout   k*=-      (645m)
[342/789] intel-tdx-module/tdh_sys_key_config__i reach      safe    timeout   k*=-      (645m)
[343/789] intel-tdx-module/tdh_sys_key_config__u reach      unsafe  timeout   k*=-      (645m)
[344/789] intel-tdx-module/tdh_sys_key_config__u reach      unsafe  timeout   k*=-      (645m)
[345/789] intel-tdx-module/tdh_sys_key_config__u reach      unsafe  timeout   k*=-      (660m)
[346/789] intel-tdx-module/tdh_sys_key_config__u reach      safe    timeout   k*=-      (660m)
[347/789] intel-tdx-module/tdh_sys_key_config__u reach      unsafe  timeout   k*=-      (660m)
[348/789] intel-tdx-module/tdh_sys_shutdown__exp reach      unsafe  timeout   k*=-      (660m)
[349/789] intel-tdx-module/tdh_sys_shutdown__exp reach      unsafe  timeout   k*=-      (660m)
[350/789] intel-tdx-module/tdh_sys_shutdown__exp reach      unsafe  timeout   k*=-      (660m)
[351/789] intel-tdx-module/tdh_sys_shutdown__exp reach      safe    timeout   k*=-      (660m)
[352/789] intel-tdx-module/tdh_sys_shutdown__inv reach      unsafe  timeout   k*=-      (660m)
[353/789] intel-tdx-module/tdh_sys_shutdown__inv reach      unsafe  timeout   k*=-      (674m)
[354/789] intel-tdx-module/tdh_sys_shutdown__inv reach      unsafe  timeout   k*=-      (675m)
[355/789] intel-tdx-module/tdh_sys_shutdown__inv reach      safe    timeout   k*=-      (675m)
[356/789] intel-tdx-module/tdh_sys_shutdown__inv reach      unsafe  timeout   k*=-      (675m)
[357/789] intel-tdx-module/tdh_sys_shutdown__inv reach      unsafe  timeout   k*=-      (675m)
[358/789] intel-tdx-module/tdh_sys_shutdown__inv reach      unsafe  timeout   k*=-      (675m)
[359/789] intel-tdx-module/tdh_sys_shutdown__inv reach      safe    timeout   k*=-      (675m)
[360/789] intel-tdx-module/tdh_sys_shutdown__unc reach      unsafe  timeout   k*=-      (675m)
[361/789] intel-tdx-module/tdh_sys_shutdown__une reach      unsafe  timeout   k*=-      (689m)
[362/789] intel-tdx-module/tdh_sys_shutdown__une reach      unsafe  timeout   k*=-      (689m)
[363/789] intel-tdx-module/tdh_sys_shutdown__une reach      unsafe  timeout   k*=-      (689m)
[364/789] intel-tdx-module/tdh_sys_shutdown__une reach      safe    timeout   k*=-      (689m)
[365/789] intel-tdx-module/tdh_sys_update__expec reach      unsafe  timeout   k*=-      (689m)
[366/789] intel-tdx-module/tdh_sys_update__expec reach      unsafe  timeout   k*=-      (689m)
[367/789] intel-tdx-module/tdh_sys_update__expec reach      safe    timeout   k*=-      (690m)
[368/789] intel-tdx-module/tdh_sys_update__expec reach      unsafe  timeout   k*=-      (690m)
[369/789] intel-tdx-module/tdh_sys_update__inval reach      unsafe  timeout   k*=-      (704m)
[370/789] intel-tdx-module/tdh_sys_update__inval reach      unsafe  timeout   k*=-      (704m)
[371/789] intel-tdx-module/tdh_sys_update__inval reach      unsafe  timeout   k*=-      (704m)
[372/789] intel-tdx-module/tdh_sys_update__inval reach      unsafe  timeout   k*=-      (704m)
[373/789] intel-tdx-module/tdh_sys_update__inval reach      safe    timeout   k*=-      (704m)
[374/789] intel-tdx-module/tdh_sys_update__inval reach      unsafe  timeout   k*=-      (704m)
[375/789] intel-tdx-module/tdh_sys_update__inval reach      unsafe  timeout   k*=-      (704m)
[376/789] intel-tdx-module/tdh_sys_update__inval reach      safe    timeout   k*=-      (704m)
[377/789] intel-tdx-module/tdh_sys_update__inval reach      unsafe  timeout   k*=-      (719m)
[378/789] intel-tdx-module/tdh_sys_update__inval reach      unsafe  timeout   k*=-      (719m)
[379/789] intel-tdx-module/tdh_sys_update__inval reach      unsafe  timeout   k*=-      (719m)
[380/789] intel-tdx-module/tdh_sys_update__inval reach      safe    timeout   k*=-      (719m)
[381/789] intel-tdx-module/tdh_sys_update__inval reach      unsafe  timeout   k*=-      (719m)
[382/789] intel-tdx-module/tdh_sys_update__inval reach      unsafe  timeout   k*=-      (719m)
[383/789] intel-tdx-module/tdh_sys_update__inval reach      safe    timeout   k*=-      (719m)
[384/789] intel-tdx-module/tdh_sys_update__inval reach      unsafe  timeout   k*=-      (719m)
[385/789] intel-tdx-module/tdh_sys_update__uncon reach      unsafe  timeout   k*=-      (734m)
[386/789] intel-tdx-module/tdh_sys_update__unexp reach      unsafe  timeout   k*=-      (734m)
[387/789] intel-tdx-module/tdh_sys_update__unexp reach      unsafe  timeout   k*=-      (734m)
[388/789] intel-tdx-module/tdh_sys_update__unexp reach      unsafe  timeout   k*=-      (734m)
[389/789] intel-tdx-module/tdh_sys_update__unexp reach      safe    timeout   k*=-      (734m)
[390/789] intel-tdx-module/tdh_vp_enter__expecte reach      unsafe  timeout   k*=-      (734m)
[391/789] intel-tdx-module/tdh_vp_enter__invalid reach      unsafe  timeout   k*=-      (734m)
[392/789] intel-tdx-module/tdh_vp_enter__invalid reach      unsafe  timeout   k*=-      (734m)
[393/789] intel-tdx-module/tdh_vp_enter__invalid reach      unsafe  timeout   k*=-      (749m)
[394/789] intel-tdx-module/tdh_vp_enter__invalid reach      safe    timeout   k*=-      (749m)
[395/789] intel-tdx-module/tdh_vp_enter__invalid reach      unsafe  timeout   k*=-      (749m)
[396/789] intel-tdx-module/tdh_vp_enter__invalid reach      unsafe  timeout   k*=-      (749m)
[397/789] intel-tdx-module/tdh_vp_enter__invalid reach      unsafe  timeout   k*=-      (749m)
[398/789] intel-tdx-module/tdh_vp_enter__invalid reach      safe    timeout   k*=-      (749m)
[399/789] intel-tdx-module/tdh_vp_enter__invalid reach      safe    timeout   k*=-      (749m)
[400/789] intel-tdx-module/tdh_vp_enter__invalid reach      safe    timeout   k*=-      (749m)
[401/789] intel-tdx-module/tdh_vp_enter__invalid reach      safe    timeout   k*=-      (764m)
[402/789] intel-tdx-module/tdh_vp_enter__invalid reach      safe    timeout   k*=-      (764m)
[403/789] intel-tdx-module/tdh_vp_enter__invalid reach      unsafe  timeout   k*=-      (764m)
[404/789] intel-tdx-module/tdh_vp_enter__invalid reach      unsafe  timeout   k*=-      (764m)
[405/789] intel-tdx-module/tdh_vp_enter__invalid reach      unsafe  timeout   k*=-      (764m)
[406/789] intel-tdx-module/tdh_vp_enter__invalid reach      safe    timeout   k*=-      (764m)
[407/789] intel-tdx-module/tdh_vp_enter__invalid reach      unsafe  timeout   k*=-      (764m)
[408/789] intel-tdx-module/tdh_vp_enter__invalid reach      unsafe  timeout   k*=-      (764m)
[409/789] intel-tdx-module/tdh_vp_enter__invalid reach      unsafe  timeout   k*=-      (779m)
[410/789] intel-tdx-module/tdh_vp_enter__invalid reach      unsafe  timeout   k*=-      (779m)
[411/789] intel-tdx-module/tdh_vp_enter__invalid reach      unsafe  timeout   k*=-      (779m)
[412/789] intel-tdx-module/tdh_vp_enter__invalid reach      unsafe  timeout   k*=-      (779m)
[413/789] intel-tdx-module/tdh_vp_enter__unconst reach      unsafe  timeout   k*=-      (779m)
[414/789] intel-tdx-module/tdh_vp_enter__invalid reach      safe    timeout   k*=-      (779m)
[415/789] intel-tdx-module/tdh_vp_enter__unexpec reach      unsafe  timeout   k*=-      (779m)
[416/789] intel-tdx-module/tdh_vp_enter__unexpec reach      unsafe  timeout   k*=-      (779m)
[417/789] intel-tdx-module/tdh_sys_key_config__e reach      unsafe  found     k*=0      (780m)
[418/789] intel-tdx-module/tdh_sys_key_config__e reach      unsafe  found     k*=0      (780m)
[419/789] intel-tdx-module/tdh_sys_key_config__i reach      unsafe  found     k*=0      (780m)
[420/789] intel-tdx-module/tdh_sys_key_config__i reach      unsafe  found     k*=0      (780m)
[421/789] intel-tdx-module/tdh_sys_key_config__e reach      unsafe  found     k*=0      (780m)
[422/789] intel-tdx-module/tdh_sys_key_config__u reach      unsafe  found     k*=0      (780m)
[423/789] intel-tdx-module/tdh_sys_key_config__u reach      unsafe  found     k*=0      (780m)
[424/789] intel-tdx-module/tdh_sys_key_config__i reach      unsafe  found     k*=0      (780m)
[425/789] intel-tdx-module/tdh_sys_key_config__u reach      unsafe  found     k*=0      (780m)
[426/789] intel-tdx-module/tdh_sys_shutdown__exp reach      unsafe  found     k*=0      (780m)
[427/789] intel-tdx-module/tdh_sys_shutdown__exp reach      unsafe  found     k*=0      (780m)
[428/789] intel-tdx-module/tdh_sys_key_config__u reach      unsafe  found     k*=0      (780m)
[429/789] intel-tdx-module/tdh_sys_shutdown__inv reach      unsafe  found     k*=0      (780m)
[430/789] intel-tdx-module/tdh_sys_shutdown__exp reach      unsafe  found     k*=0      (780m)
[431/789] intel-tdx-module/tdh_sys_shutdown__inv reach      unsafe  found     k*=0      (780m)
[432/789] intel-tdx-module/tdh_sys_shutdown__inv reach      unsafe  found     k*=0      (780m)
[433/789] intel-tdx-module/tdh_sys_shutdown__inv reach      unsafe  found     k*=0      (780m)
[434/789] intel-tdx-module/tdh_sys_shutdown__inv reach      unsafe  found     k*=0      (780m)
[435/789] intel-tdx-module/tdh_sys_shutdown__inv reach      unsafe  found     k*=0      (781m)
[436/789] intel-tdx-module/tdh_sys_key_config__e reach      safe    timeout   k*=-      (782m)
[437/789] intel-tdx-module/tdh_sys_key_config__i reach      safe    timeout   k*=-      (783m)
[438/789] intel-tdx-module/tdh_sys_shutdown__unc reach      unsafe  found     k*=0      (783m)
[439/789] intel-tdx-module/tdh_sys_shutdown__une reach      unsafe  found     k*=0      (783m)
[440/789] intel-tdx-module/tdh_sys_key_config__u reach      safe    timeout   k*=-      (783m)
[441/789] intel-tdx-module/tdh_sys_shutdown__une reach      unsafe  found     k*=0      (783m)
[442/789] intel-tdx-module/tdh_sys_update__expec reach      unsafe  found     k*=0      (783m)
[443/789] intel-tdx-module/tdh_sys_shutdown__exp reach      safe    timeout   k*=-      (783m)
[444/789] intel-tdx-module/tdh_sys_shutdown__une reach      unsafe  found     k*=0      (783m)
[445/789] intel-tdx-module/tdh_sys_shutdown__inv reach      safe    timeout   k*=-      (783m)
[446/789] intel-tdx-module/tdh_sys_update__inval reach      unsafe  found     k*=0      (783m)
[447/789] intel-tdx-module/tdh_sys_shutdown__inv reach      safe    timeout   k*=-      (784m)
[448/789] intel-tdx-module/tdh_sys_update__expec reach      unsafe  found     k*=0      (785m)
[449/789] intel-tdx-module/tdh_sys_update__expec reach      unsafe  found     k*=0      (785m)
[450/789] intel-tdx-module/tdh_sys_update__inval reach      unsafe  found     k*=0      (785m)
[451/789] intel-tdx-module/tdh_sys_shutdown__une reach      safe    timeout   k*=-      (786m)
[452/789] intel-tdx-module/tdh_sys_update__inval reach      unsafe  found     k*=0      (786m)
[453/789] intel-tdx-module/tdh_sys_update__expec reach      safe    timeout   k*=-      (786m)
[454/789] intel-tdx-module/tdh_sys_update__inval reach      unsafe  found     k*=0      (786m)
[455/789] intel-tdx-module/tdh_sys_update__inval reach      unsafe  found     k*=0      (786m)
[456/789] intel-tdx-module/tdh_sys_update__inval reach      unsafe  found     k*=0      (788m)
[457/789] intel-tdx-module/tdh_sys_update__inval reach      unsafe  found     k*=0      (788m)
[458/789] intel-tdx-module/tdh_sys_update__inval reach      unsafe  found     k*=0      (788m)
[459/789] intel-tdx-module/tdh_sys_update__inval reach      safe    timeout   k*=-      (788m)
[460/789] intel-tdx-module/tdh_sys_update__inval reach      unsafe  found     k*=0      (788m)
[461/789] intel-tdx-module/tdh_sys_update__inval reach      unsafe  found     k*=0      (789m)
[462/789] intel-tdx-module/tdh_sys_update__inval reach      safe    timeout   k*=-      (789m)
[463/789] intel-tdx-module/tdh_sys_update__unexp reach      unsafe  found     k*=0      (789m)
[464/789] intel-tdx-module/tdh_sys_update__inval reach      unsafe  found     k*=0      (791m)
[465/789] intel-tdx-module/tdh_sys_update__inval reach      safe    timeout   k*=-      (791m)
[466/789] intel-tdx-module/tdh_sys_update__inval reach      unsafe  found     k*=0      (791m)
[467/789] intel-tdx-module/tdh_mng_key_config__i reach      unsafe  found     k*=0      (791m)
[468/789] intel-tdx-module/tdh_sys_update__uncon reach      unsafe  found     k*=0      (791m)
[469/789] intel-tdx-module/tdh_sys_update__inval reach      safe    timeout   k*=-      (791m)
[470/789] intel-tdx-module/tdh_sys_update__unexp reach      unsafe  found     k*=0      (791m)
[471/789] intel-tdx-module/tdh_mng_key_config__i reach      unsafe  found     k*=0      (792m)
[472/789] intel-tdx-module/tdh_sys_update__unexp reach      unsafe  found     k*=0      (793m)
[473/789] intel-tdx-module/tdh_mng_key_config__i reach      unsafe  found     k*=0      (793m)
[474/789] intel-tdx-module/tdh_sys_update__unexp reach      safe    timeout   k*=-      (794m)
[475/789] intel-tdx-module/tdh_vp_enter__unexpec reach      unsafe  timeout   k*=-      (794m)
[476/789] intel-tdx-module/tdh_vp_enter__unexpec reach      safe    timeout   k*=-      (794m)
[477/789] intel-tdx-module/tdh_mng_key_config__i reach      unsafe  found     k*=0      (795m)
[478/789] intel-tdx-module/tdh_mng_key_config__i reach      unsafe  timeout   k*=-      (797m)
[479/789] intel-tdx-module/tdh_mng_key_config__i reach      unsafe  timeout   k*=-      (797m)
[480/789] intel-tdx-module/tdh_mng_key_config__i reach      unsafe  timeout   k*=-      (797m)
[481/789] intel-tdx-module/tdh_mng_key_config__i reach      unsafe  timeout   k*=-      (798m)
[482/789] intel-tdx-module/tdh_mng_key_config__u reach      unsafe  found     k*=0      (798m)
[483/789] intel-tdx-module/tdh_mng_key_config__i reach      unsafe  timeout   k*=-      (799m)
[484/789] intel-tdx-module/tdh_mng_key_config__i reach      unsafe  timeout   k*=-      (800m)
[485/789] intel-tdx-module/tdh_mng_key_freeid__i reach      unsafe  found     k*=0      (800m)
[486/789] intel-tdx-module/tdh_mng_key_config__i reach      unsafe  timeout   k*=-      (801m)
[487/789] intel-tdx-module/tdh_mng_key_config__i reach      unsafe  timeout   k*=-      (801m)
[488/789] intel-tdx-module/tdh_mng_key_freeid__i reach      unsafe  found     k*=0      (801m)
[489/789] intel-tdx-module/tdh_mng_key_config__u reach      safe    timeout   k*=-      (802m)
[490/789] intel-tdx-module/tdh_mng_key_config__u reach      unsafe  timeout   k*=-      (803m)
[491/789] intel-tdx-module/tdh_mng_key_freeid__i reach      unsafe  found     k*=0      (803m)
[492/789] intel-tdx-module/tdh_mng_key_config__u reach      unsafe  timeout   k*=-      (803m)
[493/789] intel-tdx-module/tdh_mng_key_config__u reach      unsafe  timeout   k*=-      (803m)
[494/789] intel-tdx-module/tdh_mng_key_config__u reach      unsafe  timeout   k*=-      (803m)
[495/789] intel-tdx-module/tdh_mng_key_freeid__i reach      unsafe  found     k*=0      (804m)
[496/789] intel-tdx-module/tdh_mng_key_freeid__i reach      unsafe  timeout   k*=-      (806m)
[497/789] intel-tdx-module/tdh_mng_key_freeid__i reach      unsafe  timeout   k*=-      (807m)
[498/789] intel-tdx-module/tdh_mng_key_freeid__u reach      unsafe  found     k*=0      (807m)
[499/789] intel-tdx-module/tdh_mng_key_freeid__i reach      unsafe  timeout   k*=-      (807m)
[500/789] intel-tdx-module/tdh_mng_key_freeid__i reach      unsafe  timeout   k*=-      (808m)
[501/789] intel-tdx-module/tdh_mng_key_freeid__i reach      unsafe  timeout   k*=-      (809m)
[502/789] intel-tdx-module/tdh_import_abort__exp reach      unsafe  found     k*=0      (809m)
[503/789] intel-tdx-module/tdh_mng_key_freeid__i reach      unsafe  timeout   k*=-      (809m)
[504/789] intel-tdx-module/tdh_mng_key_freeid__i reach      unsafe  timeout   k*=-      (810m)
[505/789] intel-tdx-module/tdh_mng_key_freeid__i reach      unsafe  timeout   k*=-      (810m)
[506/789] intel-tdx-module/tdh_mng_key_freeid__u reach      safe    timeout   k*=-      (811m)
[507/789] intel-tdx-module/tdh_import_abort__une reach      unsafe  found     k*=0      (811m)
[508/789] intel-tdx-module/tdh_import_abort__exp reach      unsafe  timeout   k*=-      (812m)
[509/789] intel-tdx-module/tdh_mng_key_freeid__u reach      unsafe  timeout   k*=-      (812m)
[510/789] intel-tdx-module/tdh_import_abort__exp reach      unsafe  timeout   k*=-      (812m)
[511/789] intel-tdx-module/tdh_mng_vpflushdone__ reach      unsafe  found     k*=0      (812m)
[512/789] intel-tdx-module/tdh_import_abort__exp reach      safe    timeout   k*=-      (813m)
[513/789] intel-tdx-module/tdh_import_abort__unc reach      unsafe  timeout   k*=-      (813m)
[514/789] intel-tdx-module/tdh_mng_key_freeid__u reach      unsafe  timeout   k*=-      (813m)
[515/789] intel-tdx-module/tdh_mng_key_freeid__u reach      unsafe  timeout   k*=-      (813m)
[516/789] intel-tdx-module/tdh_mng_vpflushdone__ reach      unsafe  found     k*=0      (813m)
[517/789] intel-tdx-module/tdh_import_abort__une reach      unsafe  timeout   k*=-      (814m)
[518/789] intel-tdx-module/tdh_mng_vpflushdone__ reach      unsafe  found     k*=0      (814m)
[519/789] intel-tdx-module/tdh_import_abort__une reach      unsafe  timeout   k*=-      (815m)
[520/789] intel-tdx-module/tdh_import_abort__une reach      safe    timeout   k*=-      (815m)
[521/789] intel-tdx-module/tdh_mng_vpflushdone__ reach      unsafe  found     k*=0      (815m)
[522/789] intel-tdx-module/tdh_mng_vpflushdone__ reach      safe    timeout   k*=-      (816m)
[523/789] intel-tdx-module/tdh_mng_vpflushdone__ reach      unsafe  timeout   k*=-      (821m)
[524/789] intel-tdx-module/tdh_mng_vpflushdone__ reach      unsafe  found     k*=0      (821m)
[525/789] intel-tdx-module/tdh_mng_vpflushdone__ reach      unsafe  timeout   k*=-      (821m)
[526/789] intel-tdx-module/tdh_mng_vpflushdone__ reach      unsafe  timeout   k*=-      (821m)
[527/789] intel-tdx-module/tdh_mng_vpflushdone__ reach      unsafe  timeout   k*=-      (822m)
[528/789] intel-tdx-module/tdh_mng_vpflushdone__ reach      unsafe  found     k*=0      (822m)
[529/789] intel-tdx-module/tdh_mng_vpflushdone__ reach      unsafe  timeout   k*=-      (823m)
[530/789] intel-tdx-module/tdh_mng_vpflushdone__ reach      unsafe  timeout   k*=-      (823m)
[531/789] intel-tdx-module/tdh_mng_vpflushdone__ reach      unsafe  timeout   k*=-      (824m)
[532/789] intel-tdx-module/tdh_mng_vpflushdone__ reach      unsafe  timeout   k*=-      (824m)
[533/789] intel-tdx-module/tdh_mng_vpflushdone__ reach      safe    timeout   k*=-      (826m)
[534/789] intel-tdx-module/tdh_mr_finalize__expe reach      unsafe  timeout   k*=-      (829m)
[535/789] intel-tdx-module/tdh_mng_vpflushdone__ reach      unsafe  timeout   k*=-      (830m)
[536/789] intel-tdx-module/tdh_mr_finalize__expe reach      unsafe  timeout   k*=-      (830m)
[537/789] intel-tdx-module/tdh_mng_vpflushdone__ reach      unsafe  timeout   k*=-      (830m)
[538/789] intel-tdx-module/tdh_mng_vpflushdone__ reach      unsafe  timeout   k*=-      (830m)
[539/789] intel-tdx-module/tdh_mng_vpflushdone__ reach      unsafe  timeout   k*=-      (831m)
[540/789] intel-tdx-module/tdh_mng_vpflushdone__ reach      unsafe  timeout   k*=-      (831m)
[541/789] intel-tdx-module/tdh_mr_finalize__expe reach      unsafe  timeout   k*=-      (832m)
[542/789] intel-tdx-module/tdh_mr_finalize__expe reach      safe    timeout   k*=-      (834m)
[543/789] intel-tdx-module/tdh_mr_finalize__inva reach      unsafe  timeout   k*=-      (835m)
[544/789] intel-tdx-module/tdh_mr_finalize__inva reach      unsafe  timeout   k*=-      (835m)
[545/789] intel-tdx-module/tdh_mr_finalize__inva reach      unsafe  timeout   k*=-      (835m)
[546/789] intel-tdx-module/tdh_mr_finalize__inva reach      safe    timeout   k*=-      (835m)
[547/789] intel-tdx-module/tdh_mr_finalize__inva reach      unsafe  timeout   k*=-      (836m)
[548/789] intel-tdx-module/tdh_mr_finalize__inva reach      unsafe  timeout   k*=-      (836m)
[549/789] intel-tdx-module/tdh_mr_finalize__inva reach      unsafe  timeout   k*=-      (837m)
[550/789] intel-tdx-module/tdh_mr_finalize__inva reach      safe    timeout   k*=-      (840m)
[551/789] intel-tdx-module/tdh_mr_finalize__inva reach      unsafe  timeout   k*=-      (840m)
[552/789] intel-tdx-module/tdh_mr_finalize__inva reach      unsafe  timeout   k*=-      (840m)
[553/789] intel-tdx-module/tdh_mr_finalize__inva reach      unsafe  timeout   k*=-      (840m)
[554/789] intel-tdx-module/tdh_mr_finalize__inva reach      safe    timeout   k*=-      (840m)
[555/789] intel-tdx-module/tdh_mr_finalize__inva reach      unsafe  timeout   k*=-      (841m)
[556/789] intel-tdx-module/tdh_mr_finalize__inva reach      unsafe  timeout   k*=-      (841m)
[557/789] intel-tdx-module/tdh_mr_finalize__inva reach      unsafe  timeout   k*=-      (842m)
[558/789] intel-tdx-module/tdh_mr_finalize__inva reach      unsafe  timeout   k*=-      (843m)
[559/789] intel-tdx-module/tdh_mr_finalize__inva reach      unsafe  timeout   k*=-      (843m)
[560/789] intel-tdx-module/tdh_mr_finalize__unex reach      unsafe  timeout   k*=-      (845m)
[561/789] intel-tdx-module/tdh_mr_finalize__inva reach      safe    timeout   k*=-      (845m)
[562/789] intel-tdx-module/tdh_mr_finalize__inva reach      unsafe  timeout   k*=-      (846m)
[563/789] intel-tdx-module/tdh_mr_finalize__unex reach      unsafe  timeout   k*=-      (846m)
[564/789] intel-tdx-module/tdh_mr_finalize__unex reach      safe    timeout   k*=-      (846m)
[565/789] intel-tdx-module/tdh_mr_finalize__unco reach      unsafe  timeout   k*=-      (846m)
[566/789] intel-tdx-module/tdh_mr_finalize__unex reach      unsafe  timeout   k*=-      (847m)
[567/789] intel-tdx-module/tdh_mr_finalize__unco reach      unsafe  timeout   k*=-      (848m)
[568/789] intel-tdx-module/tdh_phymem_page_recla reach      unsafe  timeout   k*=-      (860m)
[569/789] intel-tdx-module/tdh_phymem_page_recla reach      unsafe  timeout   k*=-      (860m)
[570/789] intel-tdx-module/tdh_phymem_page_recla reach      unsafe  timeout   k*=-      (861m)
[571/789] intel-tdx-module/tdh_phymem_page_recla reach      safe    timeout   k*=-      (861m)
[572/789] intel-tdx-module/tdh_phymem_page_recla reach      unsafe  timeout   k*=-      (861m)
[573/789] intel-tdx-module/tdh_phymem_page_recla reach      unsafe  timeout   k*=-      (861m)
[574/789] intel-tdx-module/tdh_phymem_page_recla reach      unsafe  timeout   k*=-      (862m)
[575/789] intel-tdx-module/tdh_phymem_page_recla reach      safe    timeout   k*=-      (863m)
[576/789] intel-tdx-module/tdh_phymem_page_recla reach      unsafe  timeout   k*=-      (875m)
[577/789] intel-tdx-module/tdh_phymem_page_recla reach      unsafe  timeout   k*=-      (875m)
[578/789] intel-tdx-module/tdh_phymem_page_recla reach      unsafe  timeout   k*=-      (876m)
[579/789] intel-tdx-module/tdh_phymem_page_recla reach      safe    timeout   k*=-      (876m)
[580/789] intel-tdx-module/tdh_phymem_page_recla reach      unsafe  timeout   k*=-      (876m)
[581/789] intel-tdx-module/tdh_phymem_page_recla reach      unsafe  timeout   k*=-      (876m)
[582/789] intel-tdx-module/tdh_phymem_page_recla reach      unsafe  timeout   k*=-      (877m)
[583/789] intel-tdx-module/tdh_phymem_page_recla reach      safe    timeout   k*=-      (878m)
[584/789] intel-tdx-module/tdh_phymem_page_recla reach      unsafe  timeout   k*=-      (890m)
[585/789] intel-tdx-module/tdh_phymem_page_recla reach      unsafe  timeout   k*=-      (890m)
[586/789] intel-tdx-module/tdh_phymem_page_recla reach      unsafe  timeout   k*=-      (891m)
[587/789] intel-tdx-module/tdh_phymem_page_recla reach      unsafe  timeout   k*=-      (891m)
[588/789] intel-tdx-module/tdh_phymem_page_recla reach      unsafe  timeout   k*=-      (891m)
[589/789] intel-tdx-module/tdh_phymem_page_recla reach      unsafe  timeout   k*=-      (891m)
[590/789] intel-tdx-module/tdh_phymem_page_recla reach      unsafe  timeout   k*=-      (892m)
[591/789] intel-tdx-module/tdh_phymem_page_recla reach      unsafe  timeout   k*=-      (893m)
[592/789] intel-tdx-module/tdh_mng_addcx__expect reach      unsafe  timeout   k*=-      (894m)
[593/789] intel-tdx-module/tdh_mng_addcx__expect reach      unsafe  timeout   k*=-      (896m)
[594/789] intel-tdx-module/tdh_mng_addcx__expect reach      unsafe  timeout   k*=-      (896m)
[595/789] intel-tdx-module/tdh_mng_addcx__expect reach      safe    timeout   k*=-      (896m)
[596/789] intel-tdx-module/tdh_mng_addcx__invali reach      unsafe  timeout   k*=-      (896m)
[597/789] intel-tdx-module/tdh_mng_addcx__invali reach      unsafe  timeout   k*=-      (897m)
[598/789] intel-tdx-module/tdh_mng_addcx__invali reach      unsafe  timeout   k*=-      (898m)
[599/789] intel-tdx-module/tdh_mng_addcx__invali reach      safe    timeout   k*=-      (900m)
[600/789] intel-tdx-module/tdh_mng_addcx__invali reach      unsafe  timeout   k*=-      (901m)
[601/789] intel-tdx-module/tdh_mng_addcx__invali reach      unsafe  timeout   k*=-      (901m)
[602/789] intel-tdx-module/tdh_mng_addcx__invali reach      unsafe  timeout   k*=-      (901m)
[603/789] intel-tdx-module/tdh_mng_addcx__invali reach      safe    timeout   k*=-      (902m)
[604/789] intel-tdx-module/tdh_mng_addcx__invali reach      safe    found     k*=0      (902m)
[605/789] intel-tdx-module/tdh_mng_addcx__invali reach      unsafe  timeout   k*=-      (902m)
[606/789] intel-tdx-module/tdh_mng_addcx__invali reach      safe    found     k*=0      (902m)
[607/789] intel-tdx-module/tdh_mng_addcx__invali reach      safe    found     k*=0      (902m)
[608/789] intel-tdx-module/tdh_mng_addcx__invali reach      unsafe  timeout   k*=-      (903m)
[609/789] intel-tdx-module/tdh_mng_addcx__invali reach      safe    found     k*=0      (903m)
[610/789] intel-tdx-module/tdh_phymem_page_recla reach      safe    timeout   k*=-      (905m)
[611/789] intel-tdx-module/tdh_mng_addcx__invali reach      unsafe  timeout   k*=-      (905m)
[612/789] intel-tdx-module/tdh_mng_addcx__invali reach      unsafe  timeout   k*=-      (905m)
[613/789] intel-tdx-module/tdh_mng_addcx__invali reach      unsafe  timeout   k*=-      (905m)
[614/789] intel-tdx-module/tdh_mng_addcx__invali reach      safe    timeout   k*=-      (906m)
[615/789] intel-tdx-module/tdh_mng_addcx__invali reach      unsafe  timeout   k*=-      (908m)
[616/789] intel-tdx-module/tdh_mng_addcx__invali reach      unsafe  timeout   k*=-      (908m)
[617/789] intel-tdx-module/tdh_mng_addcx__invali reach      unsafe  timeout   k*=-      (908m)
[618/789] intel-tdx-module/tdh_mng_addcx__invali reach      unsafe  timeout   k*=-      (910m)
[619/789] intel-tdx-module/tdh_mng_create__inval reach      unsafe  found     k*=0      (910m)
[620/789] intel-tdx-module/tdh_mng_addcx__invali reach      safe    timeout   k*=-      (910m)
[621/789] intel-tdx-module/tdh_mng_addcx__unexpe reach      unsafe  timeout   k*=-      (911m)
[622/789] intel-tdx-module/tdh_mng_addcx__unexpe reach      unsafe  timeout   k*=-      (911m)
[623/789] intel-tdx-module/tdh_mng_create__inval reach      unsafe  found     k*=0      (911m)
[624/789] intel-tdx-module/tdh_mng_addcx__unexpe reach      safe    timeout   k*=-      (911m)
[625/789] intel-tdx-module/tdh_mng_addcx__unexpe reach      unsafe  timeout   k*=-      (912m)
[626/789] intel-tdx-module/tdh_mng_create__inval reach      unsafe  found     k*=0      (912m)
[627/789] intel-tdx-module/tdh_mng_create__inval reach      unsafe  timeout   k*=-      (913m)
[628/789] intel-tdx-module/tdh_mng_create__inval reach      unsafe  timeout   k*=-      (913m)
[629/789] intel-tdx-module/tdh_mng_create__inval reach      unsafe  found     k*=0      (913m)
[630/789] intel-tdx-module/tdh_mng_addcx__uncons reach      unsafe  timeout   k*=-      (914m)
[631/789] intel-tdx-module/tdh_mng_addcx__uncons reach      unsafe  timeout   k*=-      (914m)
[632/789] intel-tdx-module/tdh_mng_create__inval reach      unsafe  timeout   k*=-      (914m)
[633/789] intel-tdx-module/tdh_mng_create__inval reach      unsafe  timeout   k*=-      (914m)
[634/789] intel-tdx-module/tdh_mng_create__unexp reach      unsafe  found     k*=0      (914m)
[635/789] intel-tdx-module/tdh_mng_create__inval reach      safe    timeout   k*=-      (914m)
[636/789] intel-tdx-module/tdh_mng_create__inval reach      unsafe  timeout   k*=-      (915m)
[637/789] intel-tdx-module/tdh_sys_init__expecte reach      unsafe  found     k*=0      (916m)
[638/789] intel-tdx-module/tdh_sys_init__expecte reach      unsafe  found     k*=0      (916m)
[639/789] intel-tdx-module/tdh_mng_create__inval reach      unsafe  timeout   k*=-      (916m)
[640/789] intel-tdx-module/tdh_sys_init__expecte reach      unsafe  found     k*=0      (916m)
[641/789] intel-tdx-module/tdh_sys_init__invalid reach      unsafe  found     k*=0      (916m)
[642/789] intel-tdx-module/tdh_mng_create__inval reach      unsafe  timeout   k*=-      (916m)
[643/789] intel-tdx-module/tdh_sys_init__invalid reach      unsafe  found     k*=0      (916m)
[644/789] intel-tdx-module/tdh_sys_init__invalid reach      unsafe  found     k*=0      (916m)
[645/789] intel-tdx-module/tdh_sys_init__invalid reach      unsafe  found     k*=0      (916m)
[646/789] intel-tdx-module/tdh_sys_init__invalid reach      unsafe  found     k*=0      (917m)
[647/789] intel-tdx-module/tdh_mng_create__inval reach      unsafe  timeout   k*=-      (917m)
[648/789] intel-tdx-module/tdh_sys_init__invalid reach      unsafe  found     k*=0      (917m)
[649/789] intel-tdx-module/tdh_sys_init__unconst reach      unsafe  found     k*=0      (917m)
[650/789] intel-tdx-module/tdh_sys_init__unexpec reach      unsafe  found     k*=0      (917m)
[651/789] intel-tdx-module/tdh_mng_create__unexp reach      unsafe  timeout   k*=-      (917m)
[652/789] intel-tdx-module/tdh_sys_init__unexpec reach      unsafe  found     k*=0      (917m)
[653/789] intel-tdx-module/tdh_mng_create__unexp reach      unsafe  timeout   k*=-      (917m)
[654/789] intel-tdx-module/tdh_mng_create__unexp reach      safe    timeout   k*=-      (917m)
[655/789] intel-tdx-module/tdh_sys_init__unexpec reach      unsafe  found     k*=0      (917m)
[656/789] intel-tdx-module/tdg_vp_enter__expecte reach      unsafe  found     k*=0      (917m)
[657/789] intel-tdx-module/tdh_sys_init__expecte reach      safe    timeout   k*=-      (919m)
[658/789] intel-tdx-module/tdg_vp_enter__invalid reach      unsafe  found     k*=0      (919m)
[659/789] intel-tdx-module/tdh_sys_init__invalid reach      safe    timeout   k*=-      (919m)
[660/789] intel-tdx-module/tdh_sys_init__invalid reach      safe    timeout   k*=-      (920m)
[661/789] intel-tdx-module/tdh_mng_create__uncon reach      unsafe  timeout   k*=-      (920m)
[662/789] intel-tdx-module/tdg_vp_enter__invalid reach      unsafe  found     k*=0      (920m)
[663/789] intel-tdx-module/tdh_sys_init__unexpec reach      safe    timeout   k*=-      (920m)
[664/789] intel-tdx-module/tdg_vp_enter__expecte reach      unsafe  timeout   k*=-      (920m)
[665/789] intel-tdx-module/tdg_vp_enter__expecte reach      unsafe  timeout   k*=-      (920m)
[666/789] intel-tdx-module/tdg_vp_enter__expecte reach      safe    timeout   k*=-      (920m)
[667/789] intel-tdx-module/tdg_vp_enter__invalid reach      unsafe  timeout   k*=-      (922m)
[668/789] intel-tdx-module/tdg_vp_enter__unexpec reach      unsafe  found     k*=0      (922m)
[669/789] intel-tdx-module/tdg_vp_enter__invalid reach      unsafe  timeout   k*=-      (922m)
[670/789] intel-tdx-module/tdg_vp_enter__invalid reach      safe    timeout   k*=-      (923m)
[671/789] intel-tdx-module/tdg_vp_enter__invalid reach      unsafe  timeout   k*=-      (923m)
[672/789] intel-tdx-module/tdg_vp_enter__invalid reach      unsafe  timeout   k*=-      (923m)
[673/789] intel-tdx-module/tdg_vp_vmcall__expect reach      unsafe  found     k*=0      (923m)
[674/789] intel-tdx-module/tdg_vp_enter__invalid reach      safe    timeout   k*=-      (923m)
[675/789] intel-tdx-module/tdg_vp_enter__unconst reach      unsafe  timeout   k*=-      (923m)
[676/789] intel-tdx-module/tdg_vp_vmcall__invali reach      unsafe  found     k*=0      (923m)
[677/789] intel-tdx-module/tdg_vp_vmcall__invali reach      unsafe  found     k*=0      (923m)
[678/789] intel-tdx-module/tdg_vp_enter__unconst reach      unsafe  timeout   k*=-      (923m)
[679/789] intel-tdx-module/tdg_vp_vmcall__invali reach      unsafe  found     k*=0      (924m)
[680/789] intel-tdx-module/tdg_vp_vmcall__unexpe reach      unsafe  found     k*=0      (924m)
[681/789] intel-tdx-module/tdg_vp_vmcall__unexpe reach      unsafe  found     k*=0      (924m)
[682/789] intel-tdx-module/tdg_vp_vmcall__unexpe reach      unsafe  found     k*=0      (924m)
[683/789] intel-tdx-module/tdg_mr_report__expect reach      unsafe  found     k*=0      (924m)
[684/789] intel-tdx-module/tdg_vp_enter__unexpec reach      unsafe  timeout   k*=-      (925m)
[685/789] intel-tdx-module/tdg_vp_enter__unexpec reach      unsafe  timeout   k*=-      (925m)
[686/789] intel-tdx-module/tdg_vp_enter__unexpec reach      safe    timeout   k*=-      (926m)
[687/789] intel-tdx-module/tdg_vp_vmcall__invali reach      safe    timeout   k*=-      (926m)
[688/789] intel-tdx-module/tdg_mr_report__unexpe reach      unsafe  found     k*=0      (927m)
[689/789] intel-tdx-module/tdg_vp_vmcall__unexpe reach      safe    timeout   k*=-      (927m)
[690/789] intel-tdx-module/tdg_mr_report__expect reach      unsafe  timeout   k*=-      (927m)
[691/789] intel-tdx-module/tdg_mr_report__expect reach      unsafe  timeout   k*=-      (927m)
[692/789] intel-tdx-module/tdg_mr_report__expect reach      safe    timeout   k*=-      (928m)
[693/789] intel-tdx-module/tdg_mr_report__uncons reach      unsafe  timeout   k*=-      (928m)
[694/789] intel-tdx-module/tdg_mr_report__uncons reach      unsafe  timeout   k*=-      (929m)
[695/789] intel-tdx-module/tdg_mr_report__unexpe reach      unsafe  timeout   k*=-      (930m)
[696/789] intel-tdx-module/tdg_mr_report__unexpe reach      unsafe  timeout   k*=-      (930m)
[697/789] intel-tdx-module/tdg_mr_report__unexpe reach      safe    timeout   k*=-      (930m)
[698/789] intel-tdx-module/tdg_vp_vmcall__uncons reach      unsafe  timeout   k*=-      (931m)
[699/789] intel-tdx-module/tdh_mng_init__expecte reach      unsafe  timeout   k*=-      (932m)
[700/789] intel-tdx-module/tdh_mng_init__expecte reach      unsafe  timeout   k*=-      (933m)
[701/789] intel-tdx-module/tdh_mng_init__expecte reach      unsafe  timeout   k*=-      (933m)
[702/789] intel-tdx-module/tdh_mng_init__expecte reach      safe    timeout   k*=-      (934m)
[703/789] intel-tdx-module/tdh_mng_init__invalid reach      unsafe  timeout   k*=-      (935m)
[704/789] intel-tdx-module/tdh_mng_init__invalid reach      unsafe  timeout   k*=-      (935m)
[705/789] intel-tdx-module/tdh_mng_init__invalid reach      unsafe  timeout   k*=-      (935m)
[706/789] intel-tdx-module/tdh_mng_init__invalid reach      safe    found     k*=0      (936m)
[707/789] intel-tdx-module/tdh_mng_init__invalid reach      safe    found     k*=0      (936m)
[708/789] intel-tdx-module/tdh_mng_init__invalid reach      safe    found     k*=0      (936m)
[709/789] intel-tdx-module/tdh_mng_init__invalid reach      safe    timeout   k*=-      (937m)
[710/789] intel-tdx-module/tdh_mng_init__invalid reach      safe    found     k*=0      (937m)
[711/789] intel-tdx-module/tdh_mng_init__invalid reach      unsafe  timeout   k*=-      (937m)
[712/789] intel-tdx-module/tdh_mng_init__invalid reach      unsafe  timeout   k*=-      (938m)
[713/789] intel-tdx-module/tdh_mng_init__invalid reach      unsafe  timeout   k*=-      (938m)
[714/789] intel-tdx-module/tdh_mng_init__invalid reach      safe    timeout   k*=-      (939m)
[715/789] intel-tdx-module/tdh_mng_init__invalid reach      unsafe  timeout   k*=-      (941m)
[716/789] intel-tdx-module/tdh_mng_init__invalid reach      unsafe  timeout   k*=-      (941m)
[717/789] intel-tdx-module/tdh_mng_init__invalid reach      unsafe  timeout   k*=-      (941m)
[718/789] intel-tdx-module/tdh_mng_init__invalid reach      unsafe  timeout   k*=-      (941m)
[719/789] intel-tdx-module/tdh_mng_init__invalid reach      unsafe  timeout   k*=-      (942m)
[720/789] intel-tdx-module/tdh_mng_init__invalid reach      safe    timeout   k*=-      (942m)
[721/789] intel-tdx-module/tdh_mng_init__invalid reach      unsafe  timeout   k*=-      (943m)
[722/789] intel-tdx-module/tdh_mng_init__invalid reach      unsafe  timeout   k*=-      (944m)
[723/789] intel-tdx-module/tdh_mng_init__unconst reach      unsafe  timeout   k*=-      (944m)
[724/789] intel-tdx-module/tdh_mng_init__unconst reach      unsafe  timeout   k*=-      (945m)
[725/789] intel-tdx-module/tdh_mng_init__unexpec reach      unsafe  timeout   k*=-      (946m)
[726/789] intel-tdx-module/tdh_mng_init__invalid reach      unsafe  timeout   k*=-      (946m)
[727/789] intel-tdx-module/tdh_mng_init__invalid reach      safe    timeout   k*=-      (947m)
[728/789] intel-tdx-module/tdh_mng_init__invalid reach      unsafe  timeout   k*=-      (947m)
[729/789] intel-tdx-module/tdh_mng_init__unexpec reach      unsafe  timeout   k*=-      (947m)
[730/789] intel-tdx-module/tdh_mng_init__unexpec reach      safe    timeout   k*=-      (947m)
[731/789] intel-tdx-module/tdh_mng_init__unexpec reach      unsafe  timeout   k*=-      (948m)
[732/789] intel-tdx-module/tdh_sys_config__uncon reach      unsafe  timeout   k*=-      (960m)
[733/789] intel-tdx-module/tdh_sys_config__expec reach      unsafe  timeout   k*=-      (961m)
[734/789] intel-tdx-module/tdh_sys_config__expec reach      unsafe  timeout   k*=-      (961m)
[735/789] intel-tdx-module/tdh_sys_config__expec reach      unsafe  timeout   k*=-      (962m)
[736/789] intel-tdx-module/tdh_sys_config__expec reach      safe    timeout   k*=-      (962m)
[737/789] intel-tdx-module/tdh_sys_config__inval reach      unsafe  timeout   k*=-      (962m)
[738/789] intel-tdx-module/tdh_sys_config__inval reach      unsafe  timeout   k*=-      (962m)
[739/789] intel-tdx-module/tdh_sys_config__inval reach      unsafe  timeout   k*=-      (963m)
[740/789] intel-tdx-module/tdh_sys_config__inval reach      safe    timeout   k*=-      (975m)
[741/789] intel-tdx-module/tdh_sys_config__inval reach      unsafe  timeout   k*=-      (976m)
[742/789] intel-tdx-module/tdh_sys_config__inval reach      unsafe  timeout   k*=-      (976m)
[743/789] intel-tdx-module/tdh_sys_config__inval reach      unsafe  timeout   k*=-      (977m)
[744/789] intel-tdx-module/tdh_sys_config__inval reach      safe    timeout   k*=-      (977m)
[745/789] intel-tdx-module/tdh_sys_config__inval reach      unsafe  timeout   k*=-      (977m)
[746/789] intel-tdx-module/tdh_sys_config__inval reach      unsafe  timeout   k*=-      (977m)
[747/789] intel-tdx-module/tdh_sys_config__inval reach      unsafe  timeout   k*=-      (978m)
[748/789] intel-tdx-module/tdh_sys_config__inval reach      safe    timeout   k*=-      (990m)
[749/789] intel-tdx-module/tdh_sys_config__inval reach      unsafe  timeout   k*=-      (991m)
[750/789] intel-tdx-module/tdh_sys_config__inval reach      unsafe  timeout   k*=-      (991m)
[751/789] intel-tdx-module/tdh_sys_config__inval reach      unsafe  timeout   k*=-      (992m)
[752/789] intel-tdx-module/tdh_sys_config__inval reach      safe    timeout   k*=-      (992m)
[753/789] intel-tdx-module/tdh_sys_config__inval reach      unsafe  timeout   k*=-      (992m)
[754/789] intel-tdx-module/tdh_sys_config__inval reach      unsafe  timeout   k*=-      (992m)
[755/789] intel-tdx-module/tdh_sys_config__inval reach      unsafe  timeout   k*=-      (993m)
[756/789] intel-tdx-module/tdh_vp_enter__expecte reach      unsafe  timeout   k*=-      (996m)
[757/789] intel-tdx-module/tdh_vp_enter__invalid reach      unsafe  timeout   k*=-      (996m)
[758/789] intel-tdx-module/tdh_vp_enter__invalid reach      unsafe  timeout   k*=-      (996m)
[759/789] intel-tdx-module/tdh_vp_enter__invalid reach      unsafe  timeout   k*=-      (999m)
[760/789] intel-tdx-module/tdh_vp_enter__invalid reach      safe    timeout   k*=-      (999m)
[761/789] intel-tdx-module/tdh_vp_enter__invalid reach      unsafe  timeout   k*=-      (1000m)
[762/789] intel-tdx-module/tdh_vp_enter__invalid reach      unsafe  timeout   k*=-      (1002m)
[763/789] intel-tdx-module/tdh_vp_enter__invalid reach      safe    found     k*=0      (1003m)
[764/789] intel-tdx-module/tdh_vp_enter__invalid reach      safe    found     k*=0      (1003m)
[765/789] intel-tdx-module/tdh_vp_enter__invalid reach      safe    found     k*=0      (1003m)
[766/789] intel-tdx-module/tdh_vp_enter__invalid reach      unsafe  timeout   k*=-      (1003m)
[767/789] intel-tdx-module/tdh_vp_enter__invalid reach      safe    found     k*=0      (1003m)
[768/789] intel-tdx-module/tdh_vp_enter__invalid reach      safe    timeout   k*=-      (1003m)
[769/789] intel-tdx-module/tdh_sys_config__inval reach      safe    timeout   k*=-      (1005m)
[770/789] intel-tdx-module/tdh_sys_config__unexp reach      unsafe  timeout   k*=-      (1006m)
[771/789] intel-tdx-module/tdh_vp_enter__invalid reach      unsafe  timeout   k*=-      (1006m)
[772/789] intel-tdx-module/tdh_vp_enter__invalid reach      unsafe  timeout   k*=-      (1006m)
[773/789] intel-tdx-module/tdh_sys_config__unexp reach      unsafe  timeout   k*=-      (1006m)
[774/789] intel-tdx-module/tdh_vp_enter__invalid reach      unsafe  timeout   k*=-      (1006m)
[775/789] intel-tdx-module/tdh_sys_config__unexp reach      unsafe  timeout   k*=-      (1007m)
[776/789] intel-tdx-module/tdh_sys_config__unexp reach      safe    timeout   k*=-      (1007m)
[777/789] intel-tdx-module/tdh_vp_enter__invalid reach      safe    timeout   k*=-      (1008m)
[778/789] intel-tdx-module/tdh_vp_enter__invalid reach      unsafe  timeout   k*=-      (1010m)
[779/789] intel-tdx-module/tdh_vp_enter__invalid reach      unsafe  timeout   k*=-      (1010m)
[780/789] intel-tdx-module/tdh_vp_enter__invalid reach      unsafe  timeout   k*=-      (1010m)
[781/789] intel-tdx-module/tdh_vp_enter__invalid reach      unsafe  timeout   k*=-      (1010m)
[782/789] intel-tdx-module/tdh_vp_enter__invalid reach      unsafe  timeout   k*=-      (1010m)
[783/789] intel-tdx-module/tdh_vp_enter__invalid reach      safe    timeout   k*=-      (1010m)
[784/789] intel-tdx-module/tdh_vp_enter__invalid reach      unsafe  timeout   k*=-      (1010m)
[785/789] intel-tdx-module/tdh_vp_enter__unconst reach      unsafe  timeout   k*=-      (1012m)
[786/789] intel-tdx-module/tdh_vp_enter__unexpec reach      safe    timeout   k*=-      (1013m)
[787/789] intel-tdx-module/tdh_vp_enter__unexpec reach      unsafe  timeout   k*=-      (1013m)
[788/789] intel-tdx-module/tdh_vp_enter__unexpec reach      unsafe  timeout   k*=-      (1013m)
[789/789] intel-tdx-module/tdh_vp_enter__unexpec reach      unsafe  timeout   k*=-      (1014m)

======================================================================
SUMMARY  (789 program-property pairs)
======================================================================

unsafe programs: 620
   uniform timeout          529  (85.3%)
   uniform found             91  (14.7%)
   k*=0 (loop-independent, excluded): 91

safe programs: 169
   uniform timeout          157  (92.9%)
   uniform found             12  (7.1%)
   k*=0 (loop-independent, excluded): 12

by loop category (uniform, k*>0):
   constant         found=0/38
   mixed            found=0/751

USABLE FOR RQ1 (finite k*>0): 0
   by verdict : {}
   by property: {}

results -> results/tdx_kstar.csv
